<?xml version="1.0" encoding="ISO-8859-1" ?>
<link_info>
   <banner>TMS320C2000 Linker PC v18.12.3.LTS</banner>
   <copyright>Copyright (c) 1996-2018 Texas Instruments Incorporated</copyright>
   <link_time>0x6914d152</link_time>
   <link_errors>0x0</link_errors>
   <output_file>DSP_02_cpu01.out</output_file>
   <entry_point>
      <name>_c_int00</name>
      <address>0x1b7b6</address>
   </entry_point>
   <input_file_list>
      <input_file id="fl-2">
         <path>.\</path>
         <kind>object</kind>
         <file>F2837xD_Adc.obj</file>
         <name>F2837xD_Adc.obj</name>
      </input_file>
      <input_file id="fl-3">
         <path>.\</path>
         <kind>object</kind>
         <file>F2837xD_CodeStartBranch.obj</file>
         <name>F2837xD_CodeStartBranch.obj</name>
      </input_file>
      <input_file id="fl-4">
         <path>.\</path>
         <kind>object</kind>
         <file>F2837xD_DefaultISR.obj</file>
         <name>F2837xD_DefaultISR.obj</name>
      </input_file>
      <input_file id="fl-5">
         <path>.\</path>
         <kind>object</kind>
         <file>F2837xD_EPwm.obj</file>
         <name>F2837xD_EPwm.obj</name>
      </input_file>
      <input_file id="fl-6">
         <path>.\</path>
         <kind>object</kind>
         <file>F2837xD_GlobalVariableDefs.obj</file>
         <name>F2837xD_GlobalVariableDefs.obj</name>
      </input_file>
      <input_file id="fl-7">
         <path>.\</path>
         <kind>object</kind>
         <file>F2837xD_Gpio.obj</file>
         <name>F2837xD_Gpio.obj</name>
      </input_file>
      <input_file id="fl-8">
         <path>.\</path>
         <kind>object</kind>
         <file>F2837xD_Ipc.obj</file>
         <name>F2837xD_Ipc.obj</name>
      </input_file>
      <input_file id="fl-9">
         <path>.\</path>
         <kind>object</kind>
         <file>F2837xD_PieCtrl.obj</file>
         <name>F2837xD_PieCtrl.obj</name>
      </input_file>
      <input_file id="fl-a">
         <path>.\</path>
         <kind>object</kind>
         <file>F2837xD_PieVect.obj</file>
         <name>F2837xD_PieVect.obj</name>
      </input_file>
      <input_file id="fl-b">
         <path>.\</path>
         <kind>object</kind>
         <file>F2837xD_SysCtrl.obj</file>
         <name>F2837xD_SysCtrl.obj</name>
      </input_file>
      <input_file id="fl-c">
         <path>.\</path>
         <kind>object</kind>
         <file>F2837xD_usDelay.obj</file>
         <name>F2837xD_usDelay.obj</name>
      </input_file>
      <input_file id="fl-d">
         <path>.\</path>
         <kind>object</kind>
         <file>Peripheral_Setup_cpu01.obj</file>
         <name>Peripheral_Setup_cpu01.obj</name>
      </input_file>
      <input_file id="fl-e">
         <path>.\</path>
         <kind>object</kind>
         <file>main_cpu01.obj</file>
         <name>main_cpu01.obj</name>
      </input_file>
      <input_file id="fl-14">
         <kind>object</kind>
         <file>&lt;internal&gt;</file>
         <name>&lt;internal&gt;</name>
      </input_file>
      <input_file id="fl-15">
         <path>C:\ti\ccs920\ccs\tools\compiler\ti-cgt-c2000_18.12.3.LTS\lib\</path>
         <kind>archive</kind>
         <file>rts2800_fpu32.lib</file>
         <name>sprintf.c.obj</name>
      </input_file>
      <input_file id="fl-16">
         <path>C:\ti\ccs920\ccs\tools\compiler\ti-cgt-c2000_18.12.3.LTS\lib\</path>
         <kind>archive</kind>
         <file>rts2800_fpu32.lib</file>
         <name>e_fmodf.c.obj</name>
      </input_file>
      <input_file id="fl-17">
         <path>C:\ti\ccs920\ccs\tools\compiler\ti-cgt-c2000_18.12.3.LTS\lib\</path>
         <kind>archive</kind>
         <file>rts2800_fpu32.lib</file>
         <name>boot28.asm.obj</name>
      </input_file>
      <input_file id="fl-18">
         <path>C:\ti\ccs920\ccs\tools\compiler\ti-cgt-c2000_18.12.3.LTS\lib\</path>
         <kind>archive</kind>
         <file>rts2800_fpu32.lib</file>
         <name>fs_div28.asm.obj</name>
      </input_file>
      <input_file id="fl-19">
         <path>C:\ti\ccs920\ccs\tools\compiler\ti-cgt-c2000_18.12.3.LTS\lib\</path>
         <kind>archive</kind>
         <file>rts2800_fpu32.lib</file>
         <name>ll_aox28.asm.obj</name>
      </input_file>
      <input_file id="fl-1a">
         <path>C:\ti\ccs920\ccs\tools\compiler\ti-cgt-c2000_18.12.3.LTS\lib\</path>
         <kind>archive</kind>
         <file>rts2800_fpu32.lib</file>
         <name>i_div28.asm.obj</name>
      </input_file>
      <input_file id="fl-1b">
         <path>C:\ti\ccs920\ccs\tools\compiler\ti-cgt-c2000_18.12.3.LTS\lib\</path>
         <kind>archive</kind>
         <file>rts2800_fpu32.lib</file>
         <name>cpy_tbl.c.obj</name>
      </input_file>
      <input_file id="fl-1c">
         <path>C:\ti\ccs920\ccs\tools\compiler\ti-cgt-c2000_18.12.3.LTS\lib\</path>
         <kind>archive</kind>
         <file>rts2800_fpu32.lib</file>
         <name>memcpy.c.obj</name>
      </input_file>
      <input_file id="fl-1d">
         <path>C:\ti\ccs920\ccs\tools\compiler\ti-cgt-c2000_18.12.3.LTS\lib\</path>
         <kind>archive</kind>
         <file>rts2800_fpu32.lib</file>
         <name>pre_init.c.obj</name>
      </input_file>
      <input_file id="fl-1e">
         <path>C:\ti\ccs920\ccs\tools\compiler\ti-cgt-c2000_18.12.3.LTS\lib\</path>
         <kind>archive</kind>
         <file>rts2800_fpu32.lib</file>
         <name>startup.c.obj</name>
      </input_file>
      <input_file id="fl-1f">
         <path>C:\ti\ccs920\ccs\tools\compiler\ti-cgt-c2000_18.12.3.LTS\lib\</path>
         <kind>archive</kind>
         <file>rts2800_fpu32.lib</file>
         <name>exit.c.obj</name>
      </input_file>
      <input_file id="fl-20">
         <path>C:\ti\ccs920\ccs\tools\compiler\ti-cgt-c2000_18.12.3.LTS\lib\</path>
         <kind>archive</kind>
         <file>rts2800_fpu32.lib</file>
         <name>_lock.c.obj</name>
      </input_file>
      <input_file id="fl-21">
         <path>C:\ti\ccs920\ccs\tools\compiler\ti-cgt-c2000_18.12.3.LTS\lib\</path>
         <kind>archive</kind>
         <file>rts2800_fpu32.lib</file>
         <name>args_main.c.obj</name>
      </input_file>
      <input_file id="fl-22">
         <path>C:\ti\ccs920\ccs\tools\compiler\ti-cgt-c2000_18.12.3.LTS\lib\</path>
         <kind>archive</kind>
         <file>rts2800_fpu32.lib</file>
         <name>memset.c.obj</name>
      </input_file>
      <input_file id="fl-23">
         <path>C:\ti\ccs920\ccs\tools\compiler\ti-cgt-c2000_18.12.3.LTS\lib\</path>
         <kind>archive</kind>
         <file>rts2800_fpu32.lib</file>
         <name>strcat.c.obj</name>
      </input_file>
      <input_file id="fl-24">
         <path>C:\ti\ccs920\ccs\tools\compiler\ti-cgt-c2000_18.12.3.LTS\lib\</path>
         <kind>archive</kind>
         <file>rts2800_fpu32.lib</file>
         <name>strcpy.c.obj</name>
      </input_file>
      <input_file id="fl-25">
         <path>C:\ti\ccs920\ccs\tools\compiler\ti-cgt-c2000_18.12.3.LTS\lib\</path>
         <kind>archive</kind>
         <file>rts2800_fpu32.lib</file>
         <name>strlen.c.obj</name>
      </input_file>
      <input_file id="fl-26">
         <path>C:\ti\ccs920\ccs\tools\compiler\ti-cgt-c2000_18.12.3.LTS\lib\</path>
         <kind>archive</kind>
         <file>rts2800_fpu32.lib</file>
         <name>strtod.c.obj</name>
      </input_file>
      <input_file id="fl-27">
         <path>C:\ti\ccs920\ccs\tools\compiler\ti-cgt-c2000_18.12.3.LTS\lib\</path>
         <kind>archive</kind>
         <file>rts2800_fpu32.lib</file>
         <name>strtol.c.obj</name>
      </input_file>
      <input_file id="fl-28">
         <path>C:\ti\ccs920\ccs\tools\compiler\ti-cgt-c2000_18.12.3.LTS\lib\</path>
         <kind>archive</kind>
         <file>rts2800_fpu32.lib</file>
         <name>errno.c.obj</name>
      </input_file>
      <input_file id="fl-29">
         <path>C:\ti\ccs920\ccs\tools\compiler\ti-cgt-c2000_18.12.3.LTS\lib\</path>
         <kind>archive</kind>
         <file>rts2800_fpu32.lib</file>
         <name>_printfi.c.obj</name>
      </input_file>
      <input_file id="fl-2a">
         <path>C:\ti\ccs920\ccs\tools\compiler\ti-cgt-c2000_18.12.3.LTS\lib\</path>
         <kind>archive</kind>
         <file>rts2800_fpu32.lib</file>
         <name>s_frexp.c.obj</name>
      </input_file>
      <input_file id="fl-2b">
         <path>C:\ti\ccs920\ccs\tools\compiler\ti-cgt-c2000_18.12.3.LTS\lib\</path>
         <kind>archive</kind>
         <file>rts2800_fpu32.lib</file>
         <name>s_scalbn.c.obj</name>
      </input_file>
      <input_file id="fl-2c">
         <path>C:\ti\ccs920\ccs\tools\compiler\ti-cgt-c2000_18.12.3.LTS\lib\</path>
         <kind>archive</kind>
         <file>rts2800_fpu32.lib</file>
         <name>s_scalbnf.c.obj</name>
      </input_file>
      <input_file id="fl-2d">
         <path>C:\ti\ccs920\ccs\tools\compiler\ti-cgt-c2000_18.12.3.LTS\lib\</path>
         <kind>archive</kind>
         <file>rts2800_fpu32.lib</file>
         <name>fd_add28.asm.obj</name>
      </input_file>
      <input_file id="fl-2e">
         <path>C:\ti\ccs920\ccs\tools\compiler\ti-cgt-c2000_18.12.3.LTS\lib\</path>
         <kind>archive</kind>
         <file>rts2800_fpu32.lib</file>
         <name>fd_cmp28.asm.obj</name>
      </input_file>
      <input_file id="fl-2f">
         <path>C:\ti\ccs920\ccs\tools\compiler\ti-cgt-c2000_18.12.3.LTS\lib\</path>
         <kind>archive</kind>
         <file>rts2800_fpu32.lib</file>
         <name>fd_mpy28.asm.obj</name>
      </input_file>
      <input_file id="fl-30">
         <path>C:\ti\ccs920\ccs\tools\compiler\ti-cgt-c2000_18.12.3.LTS\lib\</path>
         <kind>archive</kind>
         <file>rts2800_fpu32.lib</file>
         <name>fd_neg28.asm.obj</name>
      </input_file>
      <input_file id="fl-31">
         <path>C:\ti\ccs920\ccs\tools\compiler\ti-cgt-c2000_18.12.3.LTS\lib\</path>
         <kind>archive</kind>
         <file>rts2800_fpu32.lib</file>
         <name>fd_sub28.asm.obj</name>
      </input_file>
      <input_file id="fl-32">
         <path>C:\ti\ccs920\ccs\tools\compiler\ti-cgt-c2000_18.12.3.LTS\lib\</path>
         <kind>archive</kind>
         <file>rts2800_fpu32.lib</file>
         <name>fd_toi28.asm.obj</name>
      </input_file>
      <input_file id="fl-33">
         <path>C:\ti\ccs920\ccs\tools\compiler\ti-cgt-c2000_18.12.3.LTS\lib\</path>
         <kind>archive</kind>
         <file>rts2800_fpu32.lib</file>
         <name>fd_tol28.asm.obj</name>
      </input_file>
      <input_file id="fl-34">
         <path>C:\ti\ccs920\ccs\tools\compiler\ti-cgt-c2000_18.12.3.LTS\lib\</path>
         <kind>archive</kind>
         <file>rts2800_fpu32.lib</file>
         <name>ll_cmp28.asm.obj</name>
      </input_file>
      <input_file id="fl-35">
         <path>C:\ti\ccs920\ccs\tools\compiler\ti-cgt-c2000_18.12.3.LTS\lib\</path>
         <kind>archive</kind>
         <file>rts2800_fpu32.lib</file>
         <name>ll_div28.asm.obj</name>
      </input_file>
      <input_file id="fl-36">
         <path>C:\ti\ccs920\ccs\tools\compiler\ti-cgt-c2000_18.12.3.LTS\lib\</path>
         <kind>archive</kind>
         <file>rts2800_fpu32.lib</file>
         <name>i_tofd28.asm.obj</name>
      </input_file>
      <input_file id="fl-37">
         <path>C:\ti\ccs920\ccs\tools\compiler\ti-cgt-c2000_18.12.3.LTS\lib\</path>
         <kind>archive</kind>
         <file>rts2800_fpu32.lib</file>
         <name>l_tofd28.asm.obj</name>
      </input_file>
      <input_file id="fl-38">
         <path>C:\ti\ccs920\ccs\tools\compiler\ti-cgt-c2000_18.12.3.LTS\lib\</path>
         <kind>archive</kind>
         <file>rts2800_fpu32.lib</file>
         <name>fs_tofdfpu32.asm.obj</name>
      </input_file>
      <input_file id="fl-39">
         <path>C:\ti\ccs920\ccs\tools\compiler\ti-cgt-c2000_18.12.3.LTS\lib\</path>
         <kind>archive</kind>
         <file>rts2800_fpu32.lib</file>
         <name>fd_div28.asm.obj</name>
      </input_file>
      <input_file id="fl-3a">
         <path>C:\ti\ccs920\ccs\tools\compiler\ti-cgt-c2000_18.12.3.LTS\lib\</path>
         <kind>archive</kind>
         <file>rts2800_fpu32.lib</file>
         <name>atoi.c.obj</name>
      </input_file>
      <input_file id="fl-3b">
         <path>C:\ti\ccs920\ccs\tools\compiler\ti-cgt-c2000_18.12.3.LTS\lib\</path>
         <kind>archive</kind>
         <file>rts2800_fpu32.lib</file>
         <name>ctype.c.obj</name>
      </input_file>
      <input_file id="fl-3c">
         <path>C:\ti\ccs920\ccs\tools\compiler\ti-cgt-c2000_18.12.3.LTS\lib\</path>
         <kind>archive</kind>
         <file>rts2800_fpu32.lib</file>
         <name>ltoa.c.obj</name>
      </input_file>
      <input_file id="fl-3d">
         <path>C:\ti\ccs920\ccs\tools\compiler\ti-cgt-c2000_18.12.3.LTS\lib\</path>
         <kind>archive</kind>
         <file>rts2800_fpu32.lib</file>
         <name>memccpy.c.obj</name>
      </input_file>
      <input_file id="fl-3e">
         <path>C:\ti\ccs920\ccs\tools\compiler\ti-cgt-c2000_18.12.3.LTS\lib\</path>
         <kind>archive</kind>
         <file>rts2800_fpu32.lib</file>
         <name>strchr.c.obj</name>
      </input_file>
      <input_file id="fl-3f">
         <path>C:\ti\ccs920\ccs\tools\compiler\ti-cgt-c2000_18.12.3.LTS\lib\</path>
         <kind>archive</kind>
         <file>rts2800_fpu32.lib</file>
         <name>wcslen.c.obj</name>
      </input_file>
      <input_file id="fl-40">
         <path>C:\ti\ccs920\ccs\tools\compiler\ti-cgt-c2000_18.12.3.LTS\lib\</path>
         <kind>archive</kind>
         <file>rts2800_fpu32.lib</file>
         <name>s_copysign.c.obj</name>
      </input_file>
      <input_file id="fl-41">
         <path>C:\ti\ccs920\ccs\tools\compiler\ti-cgt-c2000_18.12.3.LTS\lib\</path>
         <kind>archive</kind>
         <file>rts2800_fpu32.lib</file>
         <name>s_copysignf.c.obj</name>
      </input_file>
      <input_file id="fl-42">
         <path>C:\ti\ccs920\ccs\tools\compiler\ti-cgt-c2000_18.12.3.LTS\lib\</path>
         <kind>archive</kind>
         <file>rts2800_fpu32.lib</file>
         <name>l_div28.asm.obj</name>
      </input_file>
   </input_file_list>
   <object_component_list>
      <object_component id="oc-8f">
         <name>codestart</name>
         <load_address>0x0</load_address>
         <run_address>0x0</run_address>
         <size>0x2</size>
         <input_file_ref idref="fl-3"/>
      </object_component>
      <object_component id="oc-12a">
         <name>.text:retain</name>
         <load_address>0x17000</load_address>
         <run_address>0x17000</run_address>
         <size>0x136e</size>
         <input_file_ref idref="fl-e"/>
      </object_component>
      <object_component id="oc-220">
         <name>.text</name>
         <load_address>0x1836e</load_address>
         <run_address>0x1836e</run_address>
         <size>0xe55</size>
         <input_file_ref idref="fl-e"/>
      </object_component>
      <object_component id="oc-21d">
         <name>.text</name>
         <load_address>0x191c3</load_address>
         <run_address>0x191c3</run_address>
         <size>0x1</size>
         <input_file_ref idref="fl-1e"/>
      </object_component>
      <object_component id="oc-23e">
         <name>.text</name>
         <load_address>0x191c4</load_address>
         <run_address>0x191c4</run_address>
         <size>0xce3</size>
         <input_file_ref idref="fl-29"/>
      </object_component>
      <object_component id="oc-95">
         <name>.text:retain</name>
         <load_address>0x19ea7</load_address>
         <run_address>0x19ea7</run_address>
         <size>0x585</size>
         <input_file_ref idref="fl-4"/>
      </object_component>
      <object_component id="oc-229">
         <name>.text</name>
         <load_address>0x1a42c</load_address>
         <run_address>0x1a42c</run_address>
         <size>0x3e0</size>
         <input_file_ref idref="fl-d"/>
      </object_component>
      <object_component id="oc-225">
         <name>.text</name>
         <load_address>0x1a80c</load_address>
         <run_address>0x1a80c</run_address>
         <size>0x33b</size>
         <input_file_ref idref="fl-b"/>
      </object_component>
      <object_component id="oc-226">
         <name>.text</name>
         <load_address>0x1ab47</load_address>
         <run_address>0x1ab47</run_address>
         <size>0x244</size>
         <input_file_ref idref="fl-7"/>
      </object_component>
      <object_component id="oc-238">
         <name>.text</name>
         <load_address>0x1ad8b</load_address>
         <run_address>0x1ad8b</run_address>
         <size>0x1ff</size>
         <input_file_ref idref="fl-26"/>
      </object_component>
      <object_component id="oc-1d8">
         <name>.text</name>
         <load_address>0x1af8a</load_address>
         <run_address>0x1af8a</run_address>
         <size>0x107</size>
         <input_file_ref idref="fl-35"/>
      </object_component>
      <object_component id="oc-22a">
         <name>.text</name>
         <load_address>0x1b091</load_address>
         <run_address>0x1b091</run_address>
         <size>0x100</size>
         <input_file_ref idref="fl-5"/>
      </object_component>
      <object_component id="oc-23d">
         <name>.text</name>
         <load_address>0x1b191</load_address>
         <run_address>0x1b191</run_address>
         <size>0xf1</size>
         <input_file_ref idref="fl-2"/>
      </object_component>
      <object_component id="oc-237">
         <name>.text</name>
         <load_address>0x1b282</load_address>
         <run_address>0x1b282</run_address>
         <size>0xd3</size>
         <input_file_ref idref="fl-27"/>
      </object_component>
      <object_component id="oc-221">
         <name>.text</name>
         <load_address>0x1b355</load_address>
         <run_address>0x1b355</run_address>
         <size>0xcf</size>
         <input_file_ref idref="fl-16"/>
      </object_component>
      <object_component id="oc-247">
         <name>.text</name>
         <load_address>0x1b424</load_address>
         <run_address>0x1b424</run_address>
         <size>0xae</size>
         <input_file_ref idref="fl-2b"/>
      </object_component>
      <object_component id="oc-1b0">
         <name>.text</name>
         <load_address>0x1b4d2</load_address>
         <run_address>0x1b4d2</run_address>
         <size>0x9c</size>
         <input_file_ref idref="fl-2d"/>
      </object_component>
      <object_component id="oc-1ec">
         <name>.text</name>
         <load_address>0x1b56e</load_address>
         <run_address>0x1b56e</run_address>
         <size>0x8b</size>
         <input_file_ref idref="fl-39"/>
      </object_component>
      <object_component id="oc-141">
         <name>.text</name>
         <load_address>0x1b5f9</load_address>
         <run_address>0x1b5f9</run_address>
         <size>0x88</size>
         <input_file_ref idref="fl-18"/>
      </object_component>
      <object_component id="oc-1ba">
         <name>.text</name>
         <load_address>0x1b681</load_address>
         <run_address>0x1b681</run_address>
         <size>0x83</size>
         <input_file_ref idref="fl-2f"/>
      </object_component>
      <object_component id="oc-246">
         <name>.text</name>
         <load_address>0x1b704</load_address>
         <run_address>0x1b704</run_address>
         <size>0x5a</size>
         <input_file_ref idref="fl-2a"/>
      </object_component>
      <object_component id="oc-242">
         <name>.text</name>
         <load_address>0x1b75e</load_address>
         <run_address>0x1b75e</run_address>
         <size>0x58</size>
         <input_file_ref idref="fl-2c"/>
      </object_component>
      <object_component id="oc-89">
         <name>.text</name>
         <load_address>0x1b7b6</load_address>
         <run_address>0x1b7b6</run_address>
         <size>0x56</size>
         <input_file_ref idref="fl-17"/>
      </object_component>
      <object_component id="oc-235">
         <name>.text</name>
         <load_address>0x1b80c</load_address>
         <run_address>0x1b80c</run_address>
         <size>0x32</size>
         <input_file_ref idref="fl-15"/>
      </object_component>
      <object_component id="oc-244">
         <name>.text</name>
         <load_address>0x1b83e</load_address>
         <run_address>0x1b83e</run_address>
         <size>0x31</size>
         <input_file_ref idref="fl-3a"/>
      </object_component>
      <object_component id="oc-245">
         <name>.text</name>
         <load_address>0x1b86f</load_address>
         <run_address>0x1b86f</run_address>
         <size>0x30</size>
         <input_file_ref idref="fl-3c"/>
      </object_component>
      <object_component id="oc-1b5">
         <name>.text</name>
         <load_address>0x1b89f</load_address>
         <run_address>0x1b89f</run_address>
         <size>0x2a</size>
         <input_file_ref idref="fl-2e"/>
      </object_component>
      <object_component id="oc-216">
         <name>.text</name>
         <load_address>0x1b8c9</load_address>
         <run_address>0x1b8c9</run_address>
         <size>0x2a</size>
         <input_file_ref idref="fl-42"/>
      </object_component>
      <object_component id="oc-21f">
         <name>.text</name>
         <load_address>0x1b8f3</load_address>
         <run_address>0x1b8f3</run_address>
         <size>0x29</size>
         <input_file_ref idref="fl-1f"/>
      </object_component>
      <object_component id="oc-227">
         <name>.text</name>
         <load_address>0x1b91c</load_address>
         <run_address>0x1b91c</run_address>
         <size>0x28</size>
         <input_file_ref idref="fl-9"/>
      </object_component>
      <object_component id="oc-228">
         <name>.text</name>
         <load_address>0x1b944</load_address>
         <run_address>0x1b944</run_address>
         <size>0x26</size>
         <input_file_ref idref="fl-a"/>
      </object_component>
      <object_component id="oc-24d">
         <name>.text</name>
         <load_address>0x1b96a</load_address>
         <run_address>0x1b96a</run_address>
         <size>0x25</size>
         <input_file_ref idref="fl-40"/>
      </object_component>
      <object_component id="oc-21c">
         <name>.text</name>
         <load_address>0x1b98f</load_address>
         <run_address>0x1b98f</run_address>
         <size>0x24</size>
         <input_file_ref idref="fl-1b"/>
      </object_component>
      <object_component id="oc-14b">
         <name>.text</name>
         <load_address>0x1b9b3</load_address>
         <run_address>0x1b9b3</run_address>
         <size>0x22</size>
         <input_file_ref idref="fl-1a"/>
      </object_component>
      <object_component id="oc-1c9">
         <name>.text</name>
         <load_address>0x1b9d5</load_address>
         <run_address>0x1b9d5</run_address>
         <size>0x21</size>
         <input_file_ref idref="fl-32"/>
      </object_component>
      <object_component id="oc-1ce">
         <name>.text</name>
         <load_address>0x1b9f6</load_address>
         <run_address>0x1b9f6</run_address>
         <size>0x1f</size>
         <input_file_ref idref="fl-33"/>
      </object_component>
      <object_component id="oc-1d3">
         <name>.text</name>
         <load_address>0x1ba15</load_address>
         <run_address>0x1ba15</run_address>
         <size>0x1e</size>
         <input_file_ref idref="fl-34"/>
      </object_component>
      <object_component id="oc-1dd">
         <name>.text</name>
         <load_address>0x1ba33</load_address>
         <run_address>0x1ba33</run_address>
         <size>0x1d</size>
         <input_file_ref idref="fl-36"/>
      </object_component>
      <object_component id="oc-222">
         <name>.text</name>
         <load_address>0x1ba50</load_address>
         <run_address>0x1ba50</run_address>
         <size>0x1d</size>
         <input_file_ref idref="fl-1c"/>
      </object_component>
      <object_component id="oc-1e7">
         <name>.text</name>
         <load_address>0x1ba6d</load_address>
         <run_address>0x1ba6d</run_address>
         <size>0x1c</size>
         <input_file_ref idref="fl-38"/>
      </object_component>
      <object_component id="oc-1e2">
         <name>.text</name>
         <load_address>0x1ba89</load_address>
         <run_address>0x1ba89</run_address>
         <size>0x1c</size>
         <input_file_ref idref="fl-37"/>
      </object_component>
      <object_component id="oc-21e">
         <name>.text</name>
         <load_address>0x1baa5</load_address>
         <run_address>0x1baa5</run_address>
         <size>0x19</size>
         <input_file_ref idref="fl-21"/>
      </object_component>
      <object_component id="oc-146">
         <name>.text</name>
         <load_address>0x1babe</load_address>
         <run_address>0x1babe</run_address>
         <size>0x18</size>
         <input_file_ref idref="fl-19"/>
      </object_component>
      <object_component id="oc-24c">
         <name>.text</name>
         <load_address>0x1bad6</load_address>
         <run_address>0x1bad6</run_address>
         <size>0x11</size>
         <input_file_ref idref="fl-41"/>
      </object_component>
      <object_component id="oc-1c4">
         <name>.text</name>
         <load_address>0x1bae7</load_address>
         <run_address>0x1bae7</run_address>
         <size>0xe</size>
         <input_file_ref idref="fl-31"/>
      </object_component>
      <object_component id="oc-24a">
         <name>.text</name>
         <load_address>0x1baf5</load_address>
         <run_address>0x1baf5</run_address>
         <size>0xd</size>
         <input_file_ref idref="fl-3d"/>
      </object_component>
      <object_component id="oc-248">
         <name>.text</name>
         <load_address>0x1bb02</load_address>
         <run_address>0x1bb02</run_address>
         <size>0xc</size>
         <input_file_ref idref="fl-3e"/>
      </object_component>
      <object_component id="oc-23a">
         <name>.text</name>
         <load_address>0x1bb0e</load_address>
         <run_address>0x1bb0e</run_address>
         <size>0x9</size>
         <input_file_ref idref="fl-20"/>
      </object_component>
      <object_component id="oc-1bf">
         <name>.text</name>
         <load_address>0x1bb17</load_address>
         <run_address>0x1bb17</run_address>
         <size>0x9</size>
         <input_file_ref idref="fl-30"/>
      </object_component>
      <object_component id="oc-232">
         <name>.text</name>
         <load_address>0x1bb20</load_address>
         <run_address>0x1bb20</run_address>
         <size>0x9</size>
         <input_file_ref idref="fl-23"/>
      </object_component>
      <object_component id="oc-24b">
         <name>.text</name>
         <load_address>0x1bb29</load_address>
         <run_address>0x1bb29</run_address>
         <size>0x9</size>
         <input_file_ref idref="fl-3f"/>
      </object_component>
      <object_component id="oc-236">
         <name>.text</name>
         <load_address>0x1bb32</load_address>
         <run_address>0x1bb32</run_address>
         <size>0x8</size>
         <input_file_ref idref="fl-25"/>
      </object_component>
      <object_component id="oc-249">
         <name>.text</name>
         <load_address>0x1bb3a</load_address>
         <run_address>0x1bb3a</run_address>
         <size>0x7</size>
         <input_file_ref idref="fl-22"/>
      </object_component>
      <object_component id="oc-231">
         <name>.text</name>
         <load_address>0x1bb41</load_address>
         <run_address>0x1bb41</run_address>
         <size>0x5</size>
         <input_file_ref idref="fl-24"/>
      </object_component>
      <object_component id="oc-21b">
         <name>.text</name>
         <load_address>0x1bb46</load_address>
         <run_address>0x1bb46</run_address>
         <size>0x2</size>
         <input_file_ref idref="fl-1d"/>
      </object_component>
      <object_component id="oc-128">
         <name>.cinit</name>
         <load_address>0xb000</load_address>
         <run_address>0xb000</run_address>
         <size>0x5da</size>
         <input_file_ref idref="fl-e"/>
      </object_component>
      <object_component id="oc-165">
         <name>.cinit</name>
         <load_address>0xb5da</load_address>
         <run_address>0xb5da</run_address>
         <size>0xe</size>
         <input_file_ref idref="fl-1f"/>
      </object_component>
      <object_component id="oc-234">
         <name>.cinit:_aux</name>
         <load_address>0xb5e8</load_address>
         <run_address>0xb5e8</run_address>
         <size>0x7</size>
         <input_file_ref idref="fl-e"/>
      </object_component>
      <object_component id="oc-224">
         <name>.cinit:__lock</name>
         <load_address>0xb5ef</load_address>
         <run_address>0xb5ef</run_address>
         <size>0x5</size>
         <input_file_ref idref="fl-20"/>
      </object_component>
      <object_component id="oc-23b">
         <name>.cinit:__unlock</name>
         <load_address>0xb5f4</load_address>
         <run_address>0xb5f4</run_address>
         <size>0x5</size>
         <input_file_ref idref="fl-20"/>
      </object_component>
      <object_component id="oc-230">
         <name>.cinit:_reset</name>
         <load_address>0xb5f9</load_address>
         <run_address>0xb5f9</run_address>
         <size>0x4</size>
         <input_file_ref idref="fl-e"/>
      </object_component>
      <object_component id="oc-194">
         <name>.cinit</name>
         <load_address>0xb5fd</load_address>
         <run_address>0xb5fd</run_address>
         <size>0x4</size>
         <input_file_ref idref="fl-28"/>
      </object_component>
      <object_component id="oc-13c">
         <name>.reset</name>
         <load_address>0x3fffc0</load_address>
         <run_address>0x3fffc0</run_address>
         <size>0x2</size>
         <input_file_ref idref="fl-17"/>
      </object_component>
      <object_component id="oc-13b">
         <name>.stack</name>
         <uninitialized>true</uninitialized>
         <run_address>0x400</run_address>
         <size>0x0</size>
         <input_file_ref idref="fl-17"/>
      </object_component>
      <object_component id="oc-2dc">
         <name>.stack</name>
         <uninitialized>true</uninitialized>
         <run_address>0x400</run_address>
         <size>0x0</size>
      </object_component>
      <object_component id="oc-129">
         <name>.ebss</name>
         <uninitialized>true</uninitialized>
         <run_address>0x13600</run_address>
         <size>0x5c0</size>
         <input_file_ref idref="fl-e"/>
      </object_component>
      <object_component id="oc-233">
         <name>.ebss:_aux</name>
         <uninitialized>true</uninitialized>
         <run_address>0x1196e</run_address>
         <size>0x4</size>
         <input_file_ref idref="fl-e"/>
      </object_component>
      <object_component id="oc-22f">
         <name>.ebss:_reset</name>
         <uninitialized>true</uninitialized>
         <run_address>0x11960</run_address>
         <size>0x8</size>
         <input_file_ref idref="fl-e"/>
      </object_component>
      <object_component id="oc-22b">
         <name>.ebss:_AdcResults</name>
         <uninitialized>true</uninitialized>
         <run_address>0x12c80</run_address>
         <size>0x960</size>
         <input_file_ref idref="fl-e"/>
      </object_component>
      <object_component id="oc-22c">
         <name>.ebss:_AdcResults2</name>
         <uninitialized>true</uninitialized>
         <run_address>0x11000</run_address>
         <size>0x960</size>
         <input_file_ref idref="fl-e"/>
      </object_component>
      <object_component id="oc-22d">
         <name>.ebss:_AdcResults3</name>
         <uninitialized>true</uninitialized>
         <run_address>0x11980</run_address>
         <size>0x960</size>
         <input_file_ref idref="fl-e"/>
      </object_component>
      <object_component id="oc-22e">
         <name>.ebss:_AdcResults4</name>
         <uninitialized>true</uninitialized>
         <run_address>0x12300</run_address>
         <size>0x960</size>
         <input_file_ref idref="fl-e"/>
      </object_component>
      <object_component id="oc-166">
         <name>.ebss</name>
         <uninitialized>true</uninitialized>
         <run_address>0x11968</run_address>
         <size>0x6</size>
         <input_file_ref idref="fl-1f"/>
      </object_component>
      <object_component id="oc-223">
         <name>.ebss:__lock</name>
         <uninitialized>true</uninitialized>
         <run_address>0x11972</run_address>
         <size>0x2</size>
         <input_file_ref idref="fl-20"/>
      </object_component>
      <object_component id="oc-243">
         <name>.ebss:__unlock</name>
         <uninitialized>true</uninitialized>
         <run_address>0x11974</run_address>
         <size>0x2</size>
         <input_file_ref idref="fl-20"/>
      </object_component>
      <object_component id="oc-195">
         <name>.ebss</name>
         <uninitialized>true</uninitialized>
         <run_address>0x11976</run_address>
         <size>0x1</size>
         <input_file_ref idref="fl-28"/>
      </object_component>
      <object_component id="oc-23c">
         <name>.econst:_PieVectTableInit</name>
         <load_address>0xa800</load_address>
         <run_address>0xa800</run_address>
         <size>0x1c0</size>
         <input_file_ref idref="fl-a"/>
      </object_component>
      <object_component id="oc-23f">
         <name>.econst:.string:__ctypes_</name>
         <load_address>0xa9c0</load_address>
         <run_address>0xa9c0</run_address>
         <size>0x101</size>
         <input_file_ref idref="fl-3b"/>
      </object_component>
      <object_component id="oc-199">
         <name>.econst:.string</name>
         <load_address>0xaac2</load_address>
         <run_address>0xaac2</run_address>
         <size>0x26</size>
         <input_file_ref idref="fl-29"/>
      </object_component>
      <object_component id="oc-240">
         <name>.econst:_digits</name>
         <load_address>0xaae8</load_address>
         <run_address>0xaae8</run_address>
         <size>0x20</size>
         <input_file_ref idref="fl-26"/>
      </object_component>
      <object_component id="oc-198">
         <name>.econst</name>
         <load_address>0xab08</load_address>
         <run_address>0xab08</run_address>
         <size>0x1c</size>
         <input_file_ref idref="fl-29"/>
      </object_component>
      <object_component id="oc-1a5">
         <name>.econst</name>
         <load_address>0xab24</load_address>
         <run_address>0xab24</run_address>
         <size>0x1c</size>
         <input_file_ref idref="fl-2b"/>
      </object_component>
      <object_component id="oc-12b">
         <name>.econst:.string</name>
         <load_address>0xab40</load_address>
         <run_address>0xab40</run_address>
         <size>0x16</size>
         <input_file_ref idref="fl-e"/>
      </object_component>
      <object_component id="oc-241">
         <name>.econst:_powerof10</name>
         <load_address>0xab56</load_address>
         <run_address>0xab56</run_address>
         <size>0xc</size>
         <input_file_ref idref="fl-26"/>
      </object_component>
      <object_component id="oc-19f">
         <name>.econst</name>
         <load_address>0xab62</load_address>
         <run_address>0xab62</run_address>
         <size>0x8</size>
         <input_file_ref idref="fl-2a"/>
      </object_component>
      <object_component id="oc-1ab">
         <name>.econst</name>
         <load_address>0xab6a</load_address>
         <run_address>0xab6a</run_address>
         <size>0x6</size>
         <input_file_ref idref="fl-2c"/>
      </object_component>
      <object_component id="oc-239">
         <name>.econst:_Zero</name>
         <load_address>0xab70</load_address>
         <run_address>0xab70</run_address>
         <size>0x4</size>
         <input_file_ref idref="fl-16"/>
      </object_component>
      <object_component id="oc-136">
         <name>.econst</name>
         <load_address>0xab74</load_address>
         <run_address>0xab74</run_address>
         <size>0x2</size>
         <input_file_ref idref="fl-16"/>
      </object_component>
      <object_component id="oc-11d">
         <name>.TI.ramfunc</name>
         <load_address>0x122</load_address>
         <run_address>0x122</run_address>
         <size>0x4</size>
         <input_file_ref idref="fl-c"/>
      </object_component>
      <object_component id="oc-102">
         <name>PieVectTableFile</name>
         <uninitialized>true</uninitialized>
         <run_address>0xd00</run_address>
         <size>0x1c0</size>
         <input_file_ref idref="fl-6"/>
      </object_component>
      <object_component id="oc-a0">
         <name>EmuKeyVar</name>
         <uninitialized>true</uninitialized>
         <run_address>0xd00</run_address>
         <size>0x1</size>
         <input_file_ref idref="fl-6"/>
      </object_component>
      <object_component id="oc-a1">
         <name>EmuBModeVar</name>
         <uninitialized>true</uninitialized>
         <run_address>0xd01</run_address>
         <size>0x1</size>
         <input_file_ref idref="fl-6"/>
      </object_component>
      <object_component id="oc-b7">
         <name>AdcaResultFile</name>
         <uninitialized>true</uninitialized>
         <run_address>0xb00</run_address>
         <size>0x18</size>
         <input_file_ref idref="fl-6"/>
      </object_component>
      <object_component id="oc-b8">
         <name>AdcbResultFile</name>
         <uninitialized>true</uninitialized>
         <run_address>0xb20</run_address>
         <size>0x18</size>
         <input_file_ref idref="fl-6"/>
      </object_component>
      <object_component id="oc-b9">
         <name>AdccResultFile</name>
         <uninitialized>true</uninitialized>
         <run_address>0xb40</run_address>
         <size>0x18</size>
         <input_file_ref idref="fl-6"/>
      </object_component>
      <object_component id="oc-ba">
         <name>AdcdResultFile</name>
         <uninitialized>true</uninitialized>
         <run_address>0xb60</run_address>
         <size>0x18</size>
         <input_file_ref idref="fl-6"/>
      </object_component>
      <object_component id="oc-e8">
         <name>AdcaRegsFile</name>
         <uninitialized>true</uninitialized>
         <run_address>0x7400</run_address>
         <size>0x80</size>
         <input_file_ref idref="fl-6"/>
      </object_component>
      <object_component id="oc-e9">
         <name>AdcbRegsFile</name>
         <uninitialized>true</uninitialized>
         <run_address>0x7480</run_address>
         <size>0x80</size>
         <input_file_ref idref="fl-6"/>
      </object_component>
      <object_component id="oc-ea">
         <name>AdccRegsFile</name>
         <uninitialized>true</uninitialized>
         <run_address>0x7500</run_address>
         <size>0x80</size>
         <input_file_ref idref="fl-6"/>
      </object_component>
      <object_component id="oc-eb">
         <name>AdcdRegsFile</name>
         <uninitialized>true</uninitialized>
         <run_address>0x7580</run_address>
         <size>0x80</size>
         <input_file_ref idref="fl-6"/>
      </object_component>
      <object_component id="oc-e4">
         <name>AnalogSubsysRegsFile</name>
         <uninitialized>true</uninitialized>
         <run_address>0x5d180</run_address>
         <size>0x48</size>
         <input_file_ref idref="fl-6"/>
      </object_component>
      <object_component id="oc-fe">
         <name>CanaRegsFile</name>
         <uninitialized>true</uninitialized>
         <run_address>0x48000</run_address>
         <size>0x164</size>
         <input_file_ref idref="fl-6"/>
      </object_component>
      <object_component id="oc-ff">
         <name>CanbRegsFile</name>
         <uninitialized>true</uninitialized>
         <run_address>0x4a000</run_address>
         <size>0x164</size>
         <input_file_ref idref="fl-6"/>
      </object_component>
      <object_component id="oc-df">
         <name>Cla1RegsFile</name>
         <uninitialized>true</uninitialized>
         <run_address>0x1400</run_address>
         <size>0x3e</size>
         <input_file_ref idref="fl-6"/>
      </object_component>
      <object_component id="oc-a5">
         <name>Cla1SoftIntRegsFile</name>
         <uninitialized>true</uninitialized>
         <run_address>0xce0</run_address>
         <size>0x4</size>
         <input_file_ref idref="fl-6"/>
      </object_component>
      <object_component id="oc-bd">
         <name>Cmpss1RegsFile</name>
         <uninitialized>true</uninitialized>
         <run_address>0x5c80</run_address>
         <size>0x20</size>
         <input_file_ref idref="fl-6"/>
      </object_component>
      <object_component id="oc-be">
         <name>Cmpss2RegsFile</name>
         <uninitialized>true</uninitialized>
         <run_address>0x5ca0</run_address>
         <size>0x20</size>
         <input_file_ref idref="fl-6"/>
      </object_component>
      <object_component id="oc-bf">
         <name>Cmpss3RegsFile</name>
         <uninitialized>true</uninitialized>
         <run_address>0x5cc0</run_address>
         <size>0x20</size>
         <input_file_ref idref="fl-6"/>
      </object_component>
      <object_component id="oc-c0">
         <name>Cmpss4RegsFile</name>
         <uninitialized>true</uninitialized>
         <run_address>0x5ce0</run_address>
         <size>0x20</size>
         <input_file_ref idref="fl-6"/>
      </object_component>
      <object_component id="oc-c1">
         <name>Cmpss5RegsFile</name>
         <uninitialized>true</uninitialized>
         <run_address>0x5d00</run_address>
         <size>0x20</size>
         <input_file_ref idref="fl-6"/>
      </object_component>
      <object_component id="oc-c2">
         <name>Cmpss6RegsFile</name>
         <uninitialized>true</uninitialized>
         <run_address>0x5d20</run_address>
         <size>0x20</size>
         <input_file_ref idref="fl-6"/>
      </object_component>
      <object_component id="oc-c3">
         <name>Cmpss7RegsFile</name>
         <uninitialized>true</uninitialized>
         <run_address>0x5d40</run_address>
         <size>0x20</size>
         <input_file_ref idref="fl-6"/>
      </object_component>
      <object_component id="oc-c4">
         <name>Cmpss8RegsFile</name>
         <uninitialized>true</uninitialized>
         <run_address>0x5d60</run_address>
         <size>0x20</size>
         <input_file_ref idref="fl-6"/>
      </object_component>
      <object_component id="oc-ab">
         <name>CpuTimer0RegsFile</name>
         <uninitialized>true</uninitialized>
         <run_address>0xc00</run_address>
         <size>0x8</size>
         <input_file_ref idref="fl-6"/>
      </object_component>
      <object_component id="oc-ac">
         <name>CpuTimer1RegsFile</name>
         <uninitialized>true</uninitialized>
         <run_address>0xc08</run_address>
         <size>0x8</size>
         <input_file_ref idref="fl-6"/>
      </object_component>
      <object_component id="oc-ad">
         <name>CpuTimer2RegsFile</name>
         <uninitialized>true</uninitialized>
         <run_address>0xc10</run_address>
         <size>0x8</size>
         <input_file_ref idref="fl-6"/>
      </object_component>
      <object_component id="oc-a8">
         <name>DacaRegsFile</name>
         <uninitialized>true</uninitialized>
         <run_address>0x5c00</run_address>
         <size>0x8</size>
         <input_file_ref idref="fl-6"/>
      </object_component>
      <object_component id="oc-a9">
         <name>DacbRegsFile</name>
         <uninitialized>true</uninitialized>
         <run_address>0x5c10</run_address>
         <size>0x8</size>
         <input_file_ref idref="fl-6"/>
      </object_component>
      <object_component id="oc-aa">
         <name>DaccRegsFile</name>
         <uninitialized>true</uninitialized>
         <run_address>0x5c20</run_address>
         <size>0x8</size>
         <input_file_ref idref="fl-6"/>
      </object_component>
      <object_component id="oc-d6">
         <name>DcsmZ1RegsFile</name>
         <uninitialized>true</uninitialized>
         <run_address>0x5f000</run_address>
         <size>0x24</size>
         <input_file_ref idref="fl-6"/>
      </object_component>
      <object_component id="oc-d7">
         <name>DcsmZ2RegsFile</name>
         <uninitialized>true</uninitialized>
         <run_address>0x5f040</run_address>
         <size>0x24</size>
         <input_file_ref idref="fl-6"/>
      </object_component>
      <object_component id="oc-ae">
         <name>DcsmCommonRegsFile</name>
         <uninitialized>true</uninitialized>
         <run_address>0x5f070</run_address>
         <size>0x8</size>
         <input_file_ref idref="fl-6"/>
      </object_component>
      <object_component id="oc-c5">
         <name>DcsmZ1OtpFile</name>
         <uninitialized>true</uninitialized>
         <run_address>0x78000</run_address>
         <size>0x20</size>
         <input_file_ref idref="fl-6"/>
      </object_component>
      <object_component id="oc-c6">
         <name>DcsmZ2OtpFile</name>
         <uninitialized>true</uninitialized>
         <run_address>0x78200</run_address>
         <size>0x20</size>
         <input_file_ref idref="fl-6"/>
      </object_component>
      <object_component id="oc-f0">
         <name>DmaRegsFile</name>
         <uninitialized>true</uninitialized>
         <run_address>0x1000</run_address>
         <size>0xe0</size>
         <input_file_ref idref="fl-6"/>
      </object_component>
      <object_component id="oc-bb">
         <name>DmaClaSrcSelRegsFile</name>
         <uninitialized>true</uninitialized>
         <run_address>0x7980</run_address>
         <size>0x1a</size>
         <input_file_ref idref="fl-6"/>
      </object_component>
      <object_component id="oc-c7">
         <name>ECap1RegsFile</name>
         <uninitialized>true</uninitialized>
         <run_address>0x5000</run_address>
         <size>0x20</size>
         <input_file_ref idref="fl-6"/>
      </object_component>
      <object_component id="oc-c8">
         <name>ECap2RegsFile</name>
         <uninitialized>true</uninitialized>
         <run_address>0x5020</run_address>
         <size>0x20</size>
         <input_file_ref idref="fl-6"/>
      </object_component>
      <object_component id="oc-c9">
         <name>ECap3RegsFile</name>
         <uninitialized>true</uninitialized>
         <run_address>0x5040</run_address>
         <size>0x20</size>
         <input_file_ref idref="fl-6"/>
      </object_component>
      <object_component id="oc-ca">
         <name>ECap4RegsFile</name>
         <uninitialized>true</uninitialized>
         <run_address>0x5060</run_address>
         <size>0x20</size>
         <input_file_ref idref="fl-6"/>
      </object_component>
      <object_component id="oc-cb">
         <name>ECap5RegsFile</name>
         <uninitialized>true</uninitialized>
         <run_address>0x5080</run_address>
         <size>0x20</size>
         <input_file_ref idref="fl-6"/>
      </object_component>
      <object_component id="oc-cc">
         <name>ECap6RegsFile</name>
         <uninitialized>true</uninitialized>
         <run_address>0x50a0</run_address>
         <size>0x20</size>
         <input_file_ref idref="fl-6"/>
      </object_component>
      <object_component id="oc-e6">
         <name>Emif1RegsFile</name>
         <uninitialized>true</uninitialized>
         <run_address>0x47000</run_address>
         <size>0x70</size>
         <input_file_ref idref="fl-6"/>
      </object_component>
      <object_component id="oc-e7">
         <name>Emif2RegsFile</name>
         <uninitialized>true</uninitialized>
         <run_address>0x47800</run_address>
         <size>0x70</size>
         <input_file_ref idref="fl-6"/>
      </object_component>
      <object_component id="oc-f1">
         <name>EPwm1RegsFile</name>
         <uninitialized>true</uninitialized>
         <run_address>0x4000</run_address>
         <size>0x100</size>
         <input_file_ref idref="fl-6"/>
      </object_component>
      <object_component id="oc-f2">
         <name>EPwm2RegsFile</name>
         <uninitialized>true</uninitialized>
         <run_address>0x4100</run_address>
         <size>0x100</size>
         <input_file_ref idref="fl-6"/>
      </object_component>
      <object_component id="oc-f3">
         <name>EPwm3RegsFile</name>
         <uninitialized>true</uninitialized>
         <run_address>0x4200</run_address>
         <size>0x100</size>
         <input_file_ref idref="fl-6"/>
      </object_component>
      <object_component id="oc-f4">
         <name>EPwm4RegsFile</name>
         <uninitialized>true</uninitialized>
         <run_address>0x4300</run_address>
         <size>0x100</size>
         <input_file_ref idref="fl-6"/>
      </object_component>
      <object_component id="oc-f5">
         <name>EPwm5RegsFile</name>
         <uninitialized>true</uninitialized>
         <run_address>0x4400</run_address>
         <size>0x100</size>
         <input_file_ref idref="fl-6"/>
      </object_component>
      <object_component id="oc-f6">
         <name>EPwm6RegsFile</name>
         <uninitialized>true</uninitialized>
         <run_address>0x4500</run_address>
         <size>0x100</size>
         <input_file_ref idref="fl-6"/>
      </object_component>
      <object_component id="oc-f7">
         <name>EPwm7RegsFile</name>
         <uninitialized>true</uninitialized>
         <run_address>0x4600</run_address>
         <size>0x100</size>
         <input_file_ref idref="fl-6"/>
      </object_component>
      <object_component id="oc-f8">
         <name>EPwm8RegsFile</name>
         <uninitialized>true</uninitialized>
         <run_address>0x4700</run_address>
         <size>0x100</size>
         <input_file_ref idref="fl-6"/>
      </object_component>
      <object_component id="oc-f9">
         <name>EPwm9RegsFile</name>
         <uninitialized>true</uninitialized>
         <run_address>0x4800</run_address>
         <size>0x100</size>
         <input_file_ref idref="fl-6"/>
      </object_component>
      <object_component id="oc-fa">
         <name>EPwm10RegsFile</name>
         <uninitialized>true</uninitialized>
         <run_address>0x4900</run_address>
         <size>0x100</size>
         <input_file_ref idref="fl-6"/>
      </object_component>
      <object_component id="oc-fb">
         <name>EPwm11RegsFile</name>
         <uninitialized>true</uninitialized>
         <run_address>0x4a00</run_address>
         <size>0x100</size>
         <input_file_ref idref="fl-6"/>
      </object_component>
      <object_component id="oc-fc">
         <name>EPwm12RegsFile</name>
         <uninitialized>true</uninitialized>
         <run_address>0x4b00</run_address>
         <size>0x100</size>
         <input_file_ref idref="fl-6"/>
      </object_component>
      <object_component id="oc-e0">
         <name>EPwmXbarRegsFile</name>
         <uninitialized>true</uninitialized>
         <run_address>0x7a00</run_address>
         <size>0x40</size>
         <input_file_ref idref="fl-6"/>
      </object_component>
      <object_component id="oc-d1">
         <name>EQep1RegsFile</name>
         <uninitialized>true</uninitialized>
         <run_address>0x5100</run_address>
         <size>0x22</size>
         <input_file_ref idref="fl-6"/>
      </object_component>
      <object_component id="oc-d2">
         <name>EQep2RegsFile</name>
         <uninitialized>true</uninitialized>
         <run_address>0x5140</run_address>
         <size>0x22</size>
         <input_file_ref idref="fl-6"/>
      </object_component>
      <object_component id="oc-d3">
         <name>EQep3RegsFile</name>
         <uninitialized>true</uninitialized>
         <run_address>0x5180</run_address>
         <size>0x22</size>
         <input_file_ref idref="fl-6"/>
      </object_component>
      <object_component id="oc-101">
         <name>Flash0CtrlRegsFile</name>
         <uninitialized>true</uninitialized>
         <run_address>0x5f800</run_address>
         <size>0x182</size>
         <input_file_ref idref="fl-6"/>
      </object_component>
      <object_component id="oc-db">
         <name>Flash0EccRegsFile</name>
         <uninitialized>true</uninitialized>
         <run_address>0x5fb00</run_address>
         <size>0x28</size>
         <input_file_ref idref="fl-6"/>
      </object_component>
      <object_component id="oc-100">
         <name>GpioCtrlRegsFile</name>
         <uninitialized>true</uninitialized>
         <run_address>0x7c00</run_address>
         <size>0x180</size>
         <input_file_ref idref="fl-6"/>
      </object_component>
      <object_component id="oc-dd">
         <name>GpioDataRegsFile</name>
         <uninitialized>true</uninitialized>
         <run_address>0x7f00</run_address>
         <size>0x30</size>
         <input_file_ref idref="fl-6"/>
      </object_component>
      <object_component id="oc-e1">
         <name>OutputXbarRegsFile</name>
         <uninitialized>true</uninitialized>
         <run_address>0x7a80</run_address>
         <size>0x40</size>
         <input_file_ref idref="fl-6"/>
      </object_component>
      <object_component id="oc-d4">
         <name>I2caRegsFile</name>
         <uninitialized>true</uninitialized>
         <run_address>0x7300</run_address>
         <size>0x22</size>
         <input_file_ref idref="fl-6"/>
      </object_component>
      <object_component id="oc-d5">
         <name>I2cbRegsFile</name>
         <uninitialized>true</uninitialized>
         <run_address>0x7340</run_address>
         <size>0x22</size>
         <input_file_ref idref="fl-6"/>
      </object_component>
      <object_component id="oc-cd">
         <name>InputXbarRegsFile</name>
         <uninitialized>true</uninitialized>
         <run_address>0x7900</run_address>
         <size>0x20</size>
         <input_file_ref idref="fl-6"/>
      </object_component>
      <object_component id="oc-ce">
         <name>XbarRegsFile</name>
         <uninitialized>true</uninitialized>
         <run_address>0x7920</run_address>
         <size>0x20</size>
         <input_file_ref idref="fl-6"/>
      </object_component>
      <object_component id="oc-d8">
         <name>IpcRegsFile</name>
         <uninitialized>true</uninitialized>
         <run_address>0x50000</run_address>
         <size>0x24</size>
         <input_file_ref idref="fl-6"/>
      </object_component>
      <object_component id="oc-a2">
         <name>FlashPumpSemaphoreRegsFile</name>
         <uninitialized>true</uninitialized>
         <run_address>0x50024</run_address>
         <size>0x2</size>
         <input_file_ref idref="fl-6"/>
      </object_component>
      <object_component id="oc-a3">
         <name>RomPrefetchRegsFile</name>
         <uninitialized>true</uninitialized>
         <run_address>0x5e608</run_address>
         <size>0x2</size>
         <input_file_ref idref="fl-6"/>
      </object_component>
      <object_component id="oc-ec">
         <name>MemCfgRegsFile</name>
         <uninitialized>true</uninitialized>
         <run_address>0x5f400</run_address>
         <size>0x80</size>
         <input_file_ref idref="fl-6"/>
      </object_component>
      <object_component id="oc-cf">
         <name>Emif1ConfigRegsFile</name>
         <uninitialized>true</uninitialized>
         <run_address>0x5f480</run_address>
         <size>0x20</size>
         <input_file_ref idref="fl-6"/>
      </object_component>
      <object_component id="oc-d0">
         <name>Emif2ConfigRegsFile</name>
         <uninitialized>true</uninitialized>
         <run_address>0x5f4a0</run_address>
         <size>0x20</size>
         <input_file_ref idref="fl-6"/>
      </object_component>
      <object_component id="oc-e2">
         <name>AccessProtectionRegsFile</name>
         <uninitialized>true</uninitialized>
         <run_address>0x5f4c0</run_address>
         <size>0x40</size>
         <input_file_ref idref="fl-6"/>
      </object_component>
      <object_component id="oc-e3">
         <name>MemoryErrorRegsFile</name>
         <uninitialized>true</uninitialized>
         <run_address>0x5f500</run_address>
         <size>0x40</size>
         <input_file_ref idref="fl-6"/>
      </object_component>
      <object_component id="oc-a4">
         <name>RomWaitStateRegsFile</name>
         <uninitialized>true</uninitialized>
         <run_address>0x5f540</run_address>
         <size>0x2</size>
         <input_file_ref idref="fl-6"/>
      </object_component>
      <object_component id="oc-d9">
         <name>McbspaRegsFile</name>
         <uninitialized>true</uninitialized>
         <run_address>0x6000</run_address>
         <size>0x24</size>
         <input_file_ref idref="fl-6"/>
      </object_component>
      <object_component id="oc-da">
         <name>McbspbRegsFile</name>
         <uninitialized>true</uninitialized>
         <run_address>0x6040</run_address>
         <size>0x24</size>
         <input_file_ref idref="fl-6"/>
      </object_component>
      <object_component id="oc-e5">
         <name>UppRegsFile</name>
         <uninitialized>true</uninitialized>
         <run_address>0x6200</run_address>
         <size>0x48</size>
         <input_file_ref idref="fl-6"/>
      </object_component>
      <object_component id="oc-a7">
         <name>NmiIntruptRegsFile</name>
         <uninitialized>true</uninitialized>
         <run_address>0x7060</run_address>
         <size>0x7</size>
         <input_file_ref idref="fl-6"/>
      </object_component>
      <object_component id="oc-bc">
         <name>PieCtrlRegsFile</name>
         <uninitialized>true</uninitialized>
         <run_address>0xce0</run_address>
         <size>0x1a</size>
         <input_file_ref idref="fl-6"/>
      </object_component>
      <object_component id="oc-b0">
         <name>SciaRegsFile</name>
         <uninitialized>true</uninitialized>
         <run_address>0x7200</run_address>
         <size>0x10</size>
         <input_file_ref idref="fl-6"/>
      </object_component>
      <object_component id="oc-b1">
         <name>ScibRegsFile</name>
         <uninitialized>true</uninitialized>
         <run_address>0x7210</run_address>
         <size>0x10</size>
         <input_file_ref idref="fl-6"/>
      </object_component>
      <object_component id="oc-b2">
         <name>ScicRegsFile</name>
         <uninitialized>true</uninitialized>
         <run_address>0x7220</run_address>
         <size>0x10</size>
         <input_file_ref idref="fl-6"/>
      </object_component>
      <object_component id="oc-b3">
         <name>ScidRegsFile</name>
         <uninitialized>true</uninitialized>
         <run_address>0x7230</run_address>
         <size>0x10</size>
         <input_file_ref idref="fl-6"/>
      </object_component>
      <object_component id="oc-ed">
         <name>Sdfm1RegsFile</name>
         <uninitialized>true</uninitialized>
         <run_address>0x5e00</run_address>
         <size>0x80</size>
         <input_file_ref idref="fl-6"/>
      </object_component>
      <object_component id="oc-ee">
         <name>Sdfm2RegsFile</name>
         <uninitialized>true</uninitialized>
         <run_address>0x5e80</run_address>
         <size>0x80</size>
         <input_file_ref idref="fl-6"/>
      </object_component>
      <object_component id="oc-b4">
         <name>SpiaRegsFile</name>
         <uninitialized>true</uninitialized>
         <run_address>0x6100</run_address>
         <size>0x10</size>
         <input_file_ref idref="fl-6"/>
      </object_component>
      <object_component id="oc-b5">
         <name>SpibRegsFile</name>
         <uninitialized>true</uninitialized>
         <run_address>0x6110</run_address>
         <size>0x10</size>
         <input_file_ref idref="fl-6"/>
      </object_component>
      <object_component id="oc-b6">
         <name>SpicRegsFile</name>
         <uninitialized>true</uninitialized>
         <run_address>0x6120</run_address>
         <size>0x10</size>
         <input_file_ref idref="fl-6"/>
      </object_component>
      <object_component id="oc-fd">
         <name>DevCfgRegsFile</name>
         <uninitialized>true</uninitialized>
         <run_address>0x5d000</run_address>
         <size>0x12e</size>
         <input_file_ref idref="fl-6"/>
      </object_component>
      <object_component id="oc-de">
         <name>ClkCfgRegsFile</name>
         <uninitialized>true</uninitialized>
         <run_address>0x5d200</run_address>
         <size>0x32</size>
         <input_file_ref idref="fl-6"/>
      </object_component>
      <object_component id="oc-ef">
         <name>CpuSysRegsFile</name>
         <uninitialized>true</uninitialized>
         <run_address>0x5d300</run_address>
         <size>0x82</size>
         <input_file_ref idref="fl-6"/>
      </object_component>
      <object_component id="oc-a6">
         <name>SyncSocRegsFile</name>
         <uninitialized>true</uninitialized>
         <run_address>0x7940</run_address>
         <size>0x6</size>
         <input_file_ref idref="fl-6"/>
      </object_component>
      <object_component id="oc-dc">
         <name>WdRegsFile</name>
         <uninitialized>true</uninitialized>
         <run_address>0x7000</run_address>
         <size>0x2b</size>
         <input_file_ref idref="fl-6"/>
      </object_component>
      <object_component id="oc-af">
         <name>XintRegsFile</name>
         <uninitialized>true</uninitialized>
         <run_address>0x7070</run_address>
         <size>0xb</size>
         <input_file_ref idref="fl-6"/>
      </object_component>
      <object_component id="oc-8a">
         <name>.debug_info</name>
         <load_address>0x0</load_address>
         <run_address>0x0</run_address>
         <size>0x4849</size>
         <input_file_ref idref="fl-2"/>
      </object_component>
      <object_component id="oc-91">
         <name>.debug_info</name>
         <load_address>0x4849</load_address>
         <run_address>0x4849</run_address>
         <size>0x152</size>
         <input_file_ref idref="fl-3"/>
      </object_component>
      <object_component id="oc-94">
         <name>.debug_info</name>
         <load_address>0x499b</load_address>
         <run_address>0x499b</run_address>
         <size>0x351e</size>
         <input_file_ref idref="fl-4"/>
      </object_component>
      <object_component id="oc-9a">
         <name>.debug_info</name>
         <load_address>0x7eb9</load_address>
         <run_address>0x7eb9</run_address>
         <size>0xf944</size>
         <input_file_ref idref="fl-5"/>
      </object_component>
      <object_component id="oc-9f">
         <name>.debug_info</name>
         <load_address>0x177fd</load_address>
         <run_address>0x177fd</run_address>
         <size>0x5039d</size>
         <input_file_ref idref="fl-6"/>
      </object_component>
      <object_component id="oc-104">
         <name>.debug_info</name>
         <load_address>0x67b9a</load_address>
         <run_address>0x67b9a</run_address>
         <size>0x19d67</size>
         <input_file_ref idref="fl-7"/>
      </object_component>
      <object_component id="oc-109">
         <name>.debug_info</name>
         <load_address>0x81901</load_address>
         <run_address>0x81901</run_address>
         <size>0x1673</size>
         <input_file_ref idref="fl-8"/>
      </object_component>
      <object_component id="oc-10e">
         <name>.debug_info</name>
         <load_address>0x82f74</load_address>
         <run_address>0x82f74</run_address>
         <size>0x3592</size>
         <input_file_ref idref="fl-9"/>
      </object_component>
      <object_component id="oc-113">
         <name>.debug_info</name>
         <load_address>0x86506</load_address>
         <run_address>0x86506</run_address>
         <size>0x6758</size>
         <input_file_ref idref="fl-a"/>
      </object_component>
      <object_component id="oc-118">
         <name>.debug_info</name>
         <load_address>0x8cc5e</load_address>
         <run_address>0x8cc5e</run_address>
         <size>0xc822</size>
         <input_file_ref idref="fl-b"/>
      </object_component>
      <object_component id="oc-11f">
         <name>.debug_info</name>
         <load_address>0x99480</load_address>
         <run_address>0x99480</run_address>
         <size>0x14d</size>
         <input_file_ref idref="fl-c"/>
      </object_component>
      <object_component id="oc-122">
         <name>.debug_info</name>
         <load_address>0x995cd</load_address>
         <run_address>0x995cd</run_address>
         <size>0x1f3f4</size>
         <input_file_ref idref="fl-d"/>
      </object_component>
      <object_component id="oc-127">
         <name>.debug_info</name>
         <load_address>0xb89c1</load_address>
         <run_address>0xb89c1</run_address>
         <size>0x2479f</size>
         <input_file_ref idref="fl-e"/>
      </object_component>
      <object_component id="oc-130">
         <name>.debug_info</name>
         <load_address>0xdd160</load_address>
         <run_address>0xdd160</run_address>
         <size>0x64d</size>
         <input_file_ref idref="fl-15"/>
      </object_component>
      <object_component id="oc-135">
         <name>.debug_info</name>
         <load_address>0xdd7ad</load_address>
         <run_address>0xdd7ad</run_address>
         <size>0x4dc</size>
         <input_file_ref idref="fl-16"/>
      </object_component>
      <object_component id="oc-13d">
         <name>.debug_info</name>
         <load_address>0xddc89</load_address>
         <run_address>0xddc89</run_address>
         <size>0x174</size>
         <input_file_ref idref="fl-17"/>
      </object_component>
      <object_component id="oc-142">
         <name>.debug_info</name>
         <load_address>0xdddfd</load_address>
         <run_address>0xdddfd</run_address>
         <size>0x115</size>
         <input_file_ref idref="fl-18"/>
      </object_component>
      <object_component id="oc-147">
         <name>.debug_info</name>
         <load_address>0xddf12</load_address>
         <run_address>0xddf12</run_address>
         <size>0x177</size>
         <input_file_ref idref="fl-19"/>
      </object_component>
      <object_component id="oc-14c">
         <name>.debug_info</name>
         <load_address>0xde089</load_address>
         <run_address>0xde089</run_address>
         <size>0x142</size>
         <input_file_ref idref="fl-1a"/>
      </object_component>
      <object_component id="oc-150">
         <name>.debug_info</name>
         <load_address>0xde1cb</load_address>
         <run_address>0xde1cb</run_address>
         <size>0x562</size>
         <input_file_ref idref="fl-1b"/>
      </object_component>
      <object_component id="oc-155">
         <name>.debug_info</name>
         <load_address>0xde72d</load_address>
         <run_address>0xde72d</run_address>
         <size>0x43b</size>
         <input_file_ref idref="fl-1c"/>
      </object_component>
      <object_component id="oc-15a">
         <name>.debug_info</name>
         <load_address>0xdeb68</load_address>
         <run_address>0xdeb68</run_address>
         <size>0x3ae</size>
         <input_file_ref idref="fl-1d"/>
      </object_component>
      <object_component id="oc-15f">
         <name>.debug_info</name>
         <load_address>0xdef16</load_address>
         <run_address>0xdef16</run_address>
         <size>0x3ab</size>
         <input_file_ref idref="fl-1e"/>
      </object_component>
      <object_component id="oc-164">
         <name>.debug_info</name>
         <load_address>0xdf2c1</load_address>
         <run_address>0xdf2c1</run_address>
         <size>0x545</size>
         <input_file_ref idref="fl-1f"/>
      </object_component>
      <object_component id="oc-16b">
         <name>.debug_info</name>
         <load_address>0xdf806</load_address>
         <run_address>0xdf806</run_address>
         <size>0x4cd</size>
         <input_file_ref idref="fl-20"/>
      </object_component>
      <object_component id="oc-170">
         <name>.debug_info</name>
         <load_address>0xdfcd3</load_address>
         <run_address>0xdfcd3</run_address>
         <size>0x468</size>
         <input_file_ref idref="fl-21"/>
      </object_component>
      <object_component id="oc-175">
         <name>.debug_info</name>
         <load_address>0xe013b</load_address>
         <run_address>0xe013b</run_address>
         <size>0x503</size>
         <input_file_ref idref="fl-22"/>
      </object_component>
      <object_component id="oc-17a">
         <name>.debug_info</name>
         <load_address>0xe063e</load_address>
         <run_address>0xe063e</run_address>
         <size>0x4ff</size>
         <input_file_ref idref="fl-23"/>
      </object_component>
      <object_component id="oc-17f">
         <name>.debug_info</name>
         <load_address>0xe0b3d</load_address>
         <run_address>0xe0b3d</run_address>
         <size>0x4e5</size>
         <input_file_ref idref="fl-24"/>
      </object_component>
      <object_component id="oc-184">
         <name>.debug_info</name>
         <load_address>0xe1022</load_address>
         <run_address>0xe1022</run_address>
         <size>0x4ab</size>
         <input_file_ref idref="fl-25"/>
      </object_component>
      <object_component id="oc-189">
         <name>.debug_info</name>
         <load_address>0xe14cd</load_address>
         <run_address>0xe14cd</run_address>
         <size>0x73e</size>
         <input_file_ref idref="fl-26"/>
      </object_component>
      <object_component id="oc-18e">
         <name>.debug_info</name>
         <load_address>0xe1c0b</load_address>
         <run_address>0xe1c0b</run_address>
         <size>0x576</size>
         <input_file_ref idref="fl-27"/>
      </object_component>
      <object_component id="oc-193">
         <name>.debug_info</name>
         <load_address>0xe2181</load_address>
         <run_address>0xe2181</run_address>
         <size>0x1c7</size>
         <input_file_ref idref="fl-28"/>
      </object_component>
      <object_component id="oc-197">
         <name>.debug_info</name>
         <load_address>0xe2348</load_address>
         <run_address>0xe2348</run_address>
         <size>0x26c0</size>
         <input_file_ref idref="fl-29"/>
      </object_component>
      <object_component id="oc-19e">
         <name>.debug_info</name>
         <load_address>0xe4a08</load_address>
         <run_address>0xe4a08</run_address>
         <size>0x4a7</size>
         <input_file_ref idref="fl-2a"/>
      </object_component>
      <object_component id="oc-1a4">
         <name>.debug_info</name>
         <load_address>0xe4eaf</load_address>
         <run_address>0xe4eaf</run_address>
         <size>0x533</size>
         <input_file_ref idref="fl-2b"/>
      </object_component>
      <object_component id="oc-1aa">
         <name>.debug_info</name>
         <load_address>0xe53e2</load_address>
         <run_address>0xe53e2</run_address>
         <size>0x4b9</size>
         <input_file_ref idref="fl-2c"/>
      </object_component>
      <object_component id="oc-1b1">
         <name>.debug_info</name>
         <load_address>0xe589b</load_address>
         <run_address>0xe589b</run_address>
         <size>0x115</size>
         <input_file_ref idref="fl-2d"/>
      </object_component>
      <object_component id="oc-1b6">
         <name>.debug_info</name>
         <load_address>0xe59b0</load_address>
         <run_address>0xe59b0</run_address>
         <size>0x121</size>
         <input_file_ref idref="fl-2e"/>
      </object_component>
      <object_component id="oc-1bb">
         <name>.debug_info</name>
         <load_address>0xe5ad1</load_address>
         <run_address>0xe5ad1</run_address>
         <size>0x115</size>
         <input_file_ref idref="fl-2f"/>
      </object_component>
      <object_component id="oc-1c0">
         <name>.debug_info</name>
         <load_address>0xe5be6</load_address>
         <run_address>0xe5be6</run_address>
         <size>0x115</size>
         <input_file_ref idref="fl-30"/>
      </object_component>
      <object_component id="oc-1c5">
         <name>.debug_info</name>
         <load_address>0xe5cfb</load_address>
         <run_address>0xe5cfb</run_address>
         <size>0x123</size>
         <input_file_ref idref="fl-31"/>
      </object_component>
      <object_component id="oc-1ca">
         <name>.debug_info</name>
         <load_address>0xe5e1e</load_address>
         <run_address>0xe5e1e</run_address>
         <size>0x115</size>
         <input_file_ref idref="fl-32"/>
      </object_component>
      <object_component id="oc-1cf">
         <name>.debug_info</name>
         <load_address>0xe5f33</load_address>
         <run_address>0xe5f33</run_address>
         <size>0x115</size>
         <input_file_ref idref="fl-33"/>
      </object_component>
      <object_component id="oc-1d4">
         <name>.debug_info</name>
         <load_address>0xe6048</load_address>
         <run_address>0xe6048</run_address>
         <size>0x14f</size>
         <input_file_ref idref="fl-34"/>
      </object_component>
      <object_component id="oc-1d9">
         <name>.debug_info</name>
         <load_address>0xe6197</load_address>
         <run_address>0xe6197</run_address>
         <size>0x232</size>
         <input_file_ref idref="fl-35"/>
      </object_component>
      <object_component id="oc-1de">
         <name>.debug_info</name>
         <load_address>0xe63c9</load_address>
         <run_address>0xe63c9</run_address>
         <size>0x119</size>
         <input_file_ref idref="fl-36"/>
      </object_component>
      <object_component id="oc-1e3">
         <name>.debug_info</name>
         <load_address>0xe64e2</load_address>
         <run_address>0xe64e2</run_address>
         <size>0x119</size>
         <input_file_ref idref="fl-37"/>
      </object_component>
      <object_component id="oc-1e8">
         <name>.debug_info</name>
         <load_address>0xe65fb</load_address>
         <run_address>0xe65fb</run_address>
         <size>0x11b</size>
         <input_file_ref idref="fl-38"/>
      </object_component>
      <object_component id="oc-1ed">
         <name>.debug_info</name>
         <load_address>0xe6716</load_address>
         <run_address>0xe6716</run_address>
         <size>0x115</size>
         <input_file_ref idref="fl-39"/>
      </object_component>
      <object_component id="oc-1f1">
         <name>.debug_info</name>
         <load_address>0xe682b</load_address>
         <run_address>0xe682b</run_address>
         <size>0x420</size>
         <input_file_ref idref="fl-3a"/>
      </object_component>
      <object_component id="oc-1f6">
         <name>.debug_info</name>
         <load_address>0xe6c4b</load_address>
         <run_address>0xe6c4b</run_address>
         <size>0x1e8</size>
         <input_file_ref idref="fl-3b"/>
      </object_component>
      <object_component id="oc-1f8">
         <name>.debug_info</name>
         <load_address>0xe6e33</load_address>
         <run_address>0xe6e33</run_address>
         <size>0x460</size>
         <input_file_ref idref="fl-3c"/>
      </object_component>
      <object_component id="oc-1fd">
         <name>.debug_info</name>
         <load_address>0xe7293</load_address>
         <run_address>0xe7293</run_address>
         <size>0x439</size>
         <input_file_ref idref="fl-3d"/>
      </object_component>
      <object_component id="oc-202">
         <name>.debug_info</name>
         <load_address>0xe76cc</load_address>
         <run_address>0xe76cc</run_address>
         <size>0x4f2</size>
         <input_file_ref idref="fl-3e"/>
      </object_component>
      <object_component id="oc-207">
         <name>.debug_info</name>
         <load_address>0xe7bbe</load_address>
         <run_address>0xe7bbe</run_address>
         <size>0x40d</size>
         <input_file_ref idref="fl-3f"/>
      </object_component>
      <object_component id="oc-20c">
         <name>.debug_info</name>
         <load_address>0xe7fcb</load_address>
         <run_address>0xe7fcb</run_address>
         <size>0x424</size>
         <input_file_ref idref="fl-40"/>
      </object_component>
      <object_component id="oc-211">
         <name>.debug_info</name>
         <load_address>0xe83ef</load_address>
         <run_address>0xe83ef</run_address>
         <size>0x407</size>
         <input_file_ref idref="fl-41"/>
      </object_component>
      <object_component id="oc-217">
         <name>.debug_info</name>
         <load_address>0xe87f6</load_address>
         <run_address>0xe87f6</run_address>
         <size>0x1a6</size>
         <input_file_ref idref="fl-42"/>
      </object_component>
      <object_component id="oc-2dd">
         <name>.debug_info</name>
         <load_address>0xe899c</load_address>
         <run_address>0xe899c</run_address>
         <size>0x108</size>
      </object_component>
      <object_component id="oc-8b">
         <name>.debug_frame</name>
         <load_address>0x0</load_address>
         <run_address>0x0</run_address>
         <size>0x60</size>
         <input_file_ref idref="fl-2"/>
      </object_component>
      <object_component id="oc-96">
         <name>.debug_frame</name>
         <load_address>0x60</load_address>
         <run_address>0x60</run_address>
         <size>0x11d0</size>
         <input_file_ref idref="fl-4"/>
      </object_component>
      <object_component id="oc-9b">
         <name>.debug_frame</name>
         <load_address>0x1230</load_address>
         <run_address>0x1230</run_address>
         <size>0x160</size>
         <input_file_ref idref="fl-5"/>
      </object_component>
      <object_component id="oc-105">
         <name>.debug_frame</name>
         <load_address>0x1390</load_address>
         <run_address>0x1390</run_address>
         <size>0x1a8</size>
[...]
      </symbol>
      <symbol id="sm-5f7">
         <name>_integTwo_in_ant_b</name>
         <value>0x1369e</value>
         <object_component_ref idref="oc-129"/>
      </symbol>
      <symbol id="sm-5f8">
         <name>_TUPA_SOGI</name>
         <value>0x1876a</value>
         <object_component_ref idref="oc-220"/>
      </symbol>
      <symbol id="sm-5f9">
         <name>_integOne_out_ant_Fcn_a1</name>
         <value>0x136c0</value>
         <object_component_ref idref="oc-129"/>
      </symbol>
      <symbol id="sm-5fa">
         <name>_TUPA_StartSequence</name>
         <value>0x19059</value>
         <object_component_ref idref="oc-220"/>
      </symbol>
      <symbol id="sm-5fb">
         <name>_contator_principal</name>
         <value>0x13603</value>
         <object_component_ref idref="oc-129"/>
      </symbol>
      <symbol id="sm-5fc">
         <name>_V_beta_a</name>
         <value>0x136a4</value>
         <object_component_ref idref="oc-129"/>
      </symbol>
      <symbol id="sm-5fd">
         <name>_AdcResults</name>
         <value>0x12c80</value>
         <object_component_ref idref="oc-22b"/>
      </symbol>
      <symbol id="sm-5fe">
         <name>_V_beta_b</name>
         <value>0x136a8</value>
         <object_component_ref idref="oc-129"/>
      </symbol>
      <symbol id="sm-5ff">
         <name>_divide</name>
         <value>0x136e8</value>
         <object_component_ref idref="oc-129"/>
      </symbol>
      <symbol id="sm-600">
         <name>_integOne_out_b</name>
         <value>0x13692</value>
         <object_component_ref idref="oc-129"/>
      </symbol>
      <symbol id="sm-601">
         <name>_contator_precharge</name>
         <value>0x13602</value>
         <object_component_ref idref="oc-129"/>
      </symbol>
      <symbol id="sm-602">
         <name>_Q_control</name>
         <value>0x1362a</value>
         <object_component_ref idref="oc-129"/>
      </symbol>
      <symbol id="sm-603">
         <name>_pll_grid</name>
         <value>0x13b80</value>
         <object_component_ref idref="oc-129"/>
      </symbol>
      <symbol id="sm-604">
         <name>_Pcc_b_trans</name>
         <value>0x136fa</value>
         <object_component_ref idref="oc-129"/>
      </symbol>
      <symbol id="sm-605">
         <name>_TUPA_PR</name>
         <value>0x18a39</value>
         <object_component_ref idref="oc-220"/>
      </symbol>
      <symbol id="sm-606">
         <name>_Q_Vbeta</name>
         <value>0x1368c</value>
         <object_component_ref idref="oc-129"/>
      </symbol>
      <symbol id="sm-607">
         <name>_I_b</name>
         <value>0x13718</value>
         <object_component_ref idref="oc-129"/>
      </symbol>
      <symbol id="sm-608">
         <name>_I_a</name>
         <value>0x13716</value>
         <object_component_ref idref="oc-129"/>
      </symbol>
      <symbol id="sm-609">
         <name>_integOne_in_ant</name>
         <value>0x13676</value>
         <object_component_ref idref="oc-129"/>
      </symbol>
      <symbol id="sm-60a">
         <name>_sum_CH1</name>
         <value>0x1363c</value>
         <object_component_ref idref="oc-129"/>
      </symbol>
      <symbol id="sm-60b">
         <name>_sum_CH3</name>
         <value>0x13640</value>
         <object_component_ref idref="oc-129"/>
      </symbol>
      <symbol id="sm-60c">
         <name>_sum_CH2</name>
         <value>0x1363e</value>
         <object_component_ref idref="oc-129"/>
      </symbol>
      <symbol id="sm-60d">
         <name>_sum_CH5</name>
         <value>0x13644</value>
         <object_component_ref idref="oc-129"/>
      </symbol>
      <symbol id="sm-60e">
         <name>_sum_CH4</name>
         <value>0x13642</value>
         <object_component_ref idref="oc-129"/>
      </symbol>
      <symbol id="sm-60f">
         <name>_sum_CH6</name>
         <value>0x13646</value>
         <object_component_ref idref="oc-129"/>
      </symbol>
      <symbol id="sm-610">
         <name>_adcb1_isr</name>
         <value>0x17036</value>
         <object_component_ref idref="oc-12a"/>
      </symbol>
      <symbol id="sm-611">
         <name>_Filt_freq_Vpu</name>
         <value>0x1378c</value>
         <object_component_ref idref="oc-129"/>
      </symbol>
      <symbol id="sm-612">
         <name>_TUPA_StopSequence</name>
         <value>0x19101</value>
         <object_component_ref idref="oc-220"/>
      </symbol>
      <symbol id="sm-613">
         <name>_feedBack_Q_Vbeta</name>
         <value>0x13690</value>
         <object_component_ref idref="oc-129"/>
      </symbol>
      <symbol id="sm-614">
         <name>_soma_prod_z</name>
         <value>0x13714</value>
         <object_component_ref idref="oc-129"/>
      </symbol>
      <symbol id="sm-615">
         <name>_soma_prod_y</name>
         <value>0x13712</value>
         <object_component_ref idref="oc-129"/>
      </symbol>
      <symbol id="sm-616">
         <name>_soma_prod_x</name>
         <value>0x13710</value>
         <object_component_ref idref="oc-129"/>
      </symbol>
      <symbol id="sm-617">
         <name>_Iref</name>
         <value>0x13620</value>
         <object_component_ref idref="oc-129"/>
      </symbol>
      <symbol id="sm-618">
         <name>_Vref_droop</name>
         <value>0x1362e</value>
         <object_component_ref idref="oc-129"/>
      </symbol>
      <symbol id="sm-619">
         <name>_soc</name>
         <value>0x1364e</value>
         <object_component_ref idref="oc-129"/>
      </symbol>
      <symbol id="sm-61a">
         <name>_PR_Ia_11</name>
         <value>0x13a40</value>
         <object_component_ref idref="oc-129"/>
      </symbol>
      <symbol id="sm-61b">
         <name>_Recv</name>
         <value>0x1372c</value>
         <object_component_ref idref="oc-129"/>
      </symbol>
      <symbol id="sm-61c">
         <name>_integOne_out_Fcn_a1</name>
         <value>0x136be</value>
         <object_component_ref idref="oc-129"/>
      </symbol>
      <symbol id="sm-61d">
         <name>_reset_sci</name>
         <value>0x13605</value>
         <object_component_ref idref="oc-129"/>
      </symbol>
      <symbol id="sm-61e">
         <name>_Ialfabeta</name>
         <value>0x13724</value>
         <object_component_ref idref="oc-129"/>
      </symbol>
      <symbol id="sm-61f">
         <name>_integOne_out_Fcn_b1</name>
         <value>0x136d8</value>
         <object_component_ref idref="oc-129"/>
      </symbol>
      <symbol id="sm-620">
         <name>_PR_Ib_fund</name>
         <value>0x13900</value>
         <object_component_ref idref="oc-129"/>
      </symbol>
      <symbol id="sm-621">
         <name>_selecao_stgy</name>
         <value>0x13608</value>
         <object_component_ref idref="oc-129"/>
      </symbol>
      <symbol id="sm-622">
         <name>_integOne_out</name>
         <value>0x13672</value>
         <object_component_ref idref="oc-129"/>
      </symbol>
      <symbol id="sm-623">
         <name>_PR_Ia_fund</name>
         <value>0x138c0</value>
         <object_component_ref idref="oc-129"/>
      </symbol>
      <symbol id="sm-624">
         <name>_Valfabeta_pwm</name>
         <value>0x13728</value>
         <object_component_ref idref="oc-129"/>
      </symbol>
      <symbol id="sm-625">
         <name>_V_alfa</name>
         <value>0x13686</value>
         <object_component_ref idref="oc-129"/>
      </symbol>
      <symbol id="sm-626">
         <name>_omega_a</name>
         <value>0x136ba</value>
         <object_component_ref idref="oc-129"/>
      </symbol>
      <symbol id="sm-627">
         <name>_omega_b</name>
         <value>0x136d4</value>
         <object_component_ref idref="oc-129"/>
      </symbol>
      <symbol id="sm-628">
         <name>_VRamp</name>
         <value>0x137c0</value>
         <object_component_ref idref="oc-129"/>
      </symbol>
      <symbol id="sm-629">
         <name>_integOne_in_Fcn_b1</name>
         <value>0x136d6</value>
         <object_component_ref idref="oc-129"/>
      </symbol>
      <symbol id="sm-637">
         <name>_sprintf</name>
         <value>0x1b80c</value>
         <object_component_ref idref="oc-235"/>
      </symbol>
      <symbol id="sm-663">
         <name>_fmodf</name>
         <value>0x1b355</value>
         <object_component_ref idref="oc-221"/>
      </symbol>
      <symbol id="sm-664">
         <name>_fmod</name>
         <value>0x1b355</value>
         <object_component_ref idref="oc-221"/>
      </symbol>
      <symbol id="sm-67f">
         <name>_c_int00</name>
         <value>0x1b7b6</value>
         <object_component_ref idref="oc-89"/>
      </symbol>
      <symbol id="sm-680">
         <name>__stack</name>
         <value>0x400</value>
         <object_component_ref idref="oc-13b"/>
      </symbol>
      <symbol id="sm-691">
         <name>FS$$DIV</name>
         <value>0x1b5f9</value>
         <object_component_ref idref="oc-141"/>
      </symbol>
      <symbol id="sm-69d">
         <name>LL$$AND</name>
         <value>0x1babe</value>
         <object_component_ref idref="oc-146"/>
      </symbol>
      <symbol id="sm-69e">
         <name>LL$$OR</name>
         <value>0x1bac6</value>
         <object_component_ref idref="oc-146"/>
      </symbol>
      <symbol id="sm-69f">
         <name>LL$$XOR</name>
         <value>0x1bace</value>
         <object_component_ref idref="oc-146"/>
      </symbol>
      <symbol id="sm-6ad">
         <name>I$$MOD</name>
         <value>0x1b9c4</value>
         <object_component_ref idref="oc-14b"/>
      </symbol>
      <symbol id="sm-6ae">
         <name>I$$DIV</name>
         <value>0x1b9b3</value>
         <object_component_ref idref="oc-14b"/>
      </symbol>
      <symbol id="sm-6bd">
         <name>_copy_in</name>
         <value>0x1b98f</value>
         <object_component_ref idref="oc-21c"/>
      </symbol>
      <symbol id="sm-6ce">
         <name>_memcpy</name>
         <value>0x1ba50</value>
         <object_component_ref idref="oc-222"/>
      </symbol>
      <symbol id="sm-6da">
         <name>__system_pre_init</name>
         <value>0x1bb46</value>
         <object_component_ref idref="oc-21b"/>
      </symbol>
      <symbol id="sm-6e7">
         <name>__system_post_cinit</name>
         <value>0x191c3</value>
         <object_component_ref idref="oc-21d"/>
      </symbol>
      <symbol id="sm-6fb">
         <name>C$$EXIT</name>
         <value>0x1b8f3</value>
         <object_component_ref idref="oc-21f"/>
      </symbol>
      <symbol id="sm-6fc">
         <name>_exit</name>
         <value>0x1b8f5</value>
         <object_component_ref idref="oc-21f"/>
      </symbol>
      <symbol id="sm-6fd">
         <name>___TI_cleanup_ptr</name>
         <value>0x1196a</value>
         <object_component_ref idref="oc-166"/>
      </symbol>
      <symbol id="sm-6fe">
         <name>___TI_enable_exit_profile_output</name>
         <value>0x11968</value>
         <object_component_ref idref="oc-166"/>
      </symbol>
      <symbol id="sm-6ff">
         <name>_abort</name>
         <value>0x1b8f3</value>
         <object_component_ref idref="oc-21f"/>
      </symbol>
      <symbol id="sm-700">
         <name>___TI_dtors_ptr</name>
         <value>0x1196c</value>
         <object_component_ref idref="oc-166"/>
      </symbol>
      <symbol id="sm-714">
         <name>__unlock</name>
         <value>0x11974</value>
         <object_component_ref idref="oc-243"/>
      </symbol>
      <symbol id="sm-715">
         <name>__lock</name>
         <value>0x11972</value>
         <object_component_ref idref="oc-223"/>
      </symbol>
      <symbol id="sm-716">
         <name>__register_lock</name>
         <value>0x1bb12</value>
         <object_component_ref idref="oc-23a"/>
      </symbol>
      <symbol id="sm-717">
         <name>__nop</name>
         <value>0x1bb16</value>
         <object_component_ref idref="oc-23a"/>
      </symbol>
      <symbol id="sm-718">
         <name>__register_unlock</name>
         <value>0x1bb0e</value>
         <object_component_ref idref="oc-23a"/>
      </symbol>
      <symbol id="sm-727">
         <name>__args_main</name>
         <value>0x1baa5</value>
         <object_component_ref idref="oc-21e"/>
      </symbol>
      <symbol id="sm-735">
         <name>_memset</name>
         <value>0x1bb3a</value>
         <object_component_ref idref="oc-249"/>
      </symbol>
      <symbol id="sm-744">
         <name>_strcat</name>
         <value>0x1bb20</value>
         <object_component_ref idref="oc-232"/>
      </symbol>
      <symbol id="sm-751">
         <name>_strcpy</name>
         <value>0x1bb41</value>
         <object_component_ref idref="oc-231"/>
      </symbol>
      <symbol id="sm-75e">
         <name>_strlen</name>
         <value>0x1bb32</value>
         <object_component_ref idref="oc-236"/>
      </symbol>
      <symbol id="sm-7ba">
         <name>_strtod</name>
         <value>0x1ad8b</value>
         <object_component_ref idref="oc-238"/>
      </symbol>
      <symbol id="sm-7bb">
         <name>_strtof</name>
         <value>0x1ad8b</value>
         <object_component_ref idref="oc-238"/>
      </symbol>
      <symbol id="sm-7e0">
         <name>_strtol</name>
         <value>0x1b282</value>
         <object_component_ref idref="oc-237"/>
      </symbol>
      <symbol id="sm-7ea">
         <name>_errno</name>
         <value>0x11976</value>
         <object_component_ref idref="oc-195"/>
      </symbol>
      <symbol id="sm-94a">
         <name>___TI_printfi</name>
         <value>0x19d16</value>
         <object_component_ref idref="oc-23e"/>
      </symbol>
      <symbol id="sm-95d">
         <name>_frexpl</name>
         <value>0x1b704</value>
         <object_component_ref idref="oc-246"/>
      </symbol>
      <symbol id="sm-97b">
         <name>_scalbnl</name>
         <value>0x1b424</value>
         <object_component_ref idref="oc-247"/>
      </symbol>
      <symbol id="sm-97c">
         <name>_ldexpl</name>
         <value>0x1b424</value>
         <object_component_ref idref="oc-247"/>
      </symbol>
      <symbol id="sm-994">
         <name>_scalbn</name>
         <value>0x1b75e</value>
         <object_component_ref idref="oc-242"/>
      </symbol>
      <symbol id="sm-995">
         <name>_ldexp</name>
         <value>0x1b75e</value>
         <object_component_ref idref="oc-242"/>
      </symbol>
      <symbol id="sm-996">
         <name>_scalbnf</name>
         <value>0x1b75e</value>
         <object_component_ref idref="oc-242"/>
      </symbol>
      <symbol id="sm-997">
         <name>_ldexpf</name>
         <value>0x1b75e</value>
         <object_component_ref idref="oc-242"/>
      </symbol>
      <symbol id="sm-9b2">
         <name>FD$$ADD</name>
         <value>0x1b4d2</value>
         <object_component_ref idref="oc-1b0"/>
      </symbol>
      <symbol id="sm-9c2">
         <name>FD$$CMP</name>
         <value>0x1b89f</value>
         <object_component_ref idref="oc-1b5"/>
      </symbol>
      <symbol id="sm-9d4">
         <name>FD$$MPY</name>
         <value>0x1b681</value>
         <object_component_ref idref="oc-1ba"/>
      </symbol>
      <symbol id="sm-9e1">
         <name>FD$$NEG</name>
         <value>0x1bb17</value>
         <object_component_ref idref="oc-1bf"/>
      </symbol>
      <symbol id="sm-9ed">
         <name>FD$$SUB</name>
         <value>0x1bae7</value>
         <object_component_ref idref="oc-1c4"/>
      </symbol>
      <symbol id="sm-9fc">
         <name>FD$$TOI</name>
         <value>0x1b9d5</value>
         <object_component_ref idref="oc-1c9"/>
      </symbol>
      <symbol id="sm-a0b">
         <name>FD$$TOL</name>
         <value>0x1b9f6</value>
         <object_component_ref idref="oc-1ce"/>
      </symbol>
      <symbol id="sm-a19">
         <name>ULL$$CMP</name>
         <value>0x1ba27</value>
         <object_component_ref idref="oc-1d3"/>
      </symbol>
      <symbol id="sm-a1a">
         <name>LL$$CMP</name>
         <value>0x1ba15</value>
         <object_component_ref idref="oc-1d3"/>
      </symbol>
      <symbol id="sm-a46">
         <name>ULL$$MOD</name>
         <value>0x1b02f</value>
         <object_component_ref idref="oc-1d8"/>
      </symbol>
      <symbol id="sm-a47">
         <name>ULL$$DIV</name>
         <value>0x1b000</value>
         <object_component_ref idref="oc-1d8"/>
      </symbol>
      <symbol id="sm-a48">
         <name>LL$$MOD</name>
         <value>0x1afc6</value>
         <object_component_ref idref="oc-1d8"/>
      </symbol>
      <symbol id="sm-a49">
         <name>LL$$DIV</name>
         <value>0x1af8a</value>
         <object_component_ref idref="oc-1d8"/>
      </symbol>
      <symbol id="sm-a59">
         <name>I$$TOFD</name>
         <value>0x1ba33</value>
         <object_component_ref idref="oc-1dd"/>
      </symbol>
      <symbol id="sm-a69">
         <name>L$$TOFD</name>
         <value>0x1ba89</value>
         <object_component_ref idref="oc-1e2"/>
      </symbol>
      <symbol id="sm-a79">
         <name>FS$$TOFD</name>
         <value>0x1ba6d</value>
         <object_component_ref idref="oc-1e7"/>
      </symbol>
      <symbol id="sm-a90">
         <name>FD$$DIV</name>
         <value>0x1b56e</value>
         <object_component_ref idref="oc-1ec"/>
      </symbol>
      <symbol id="sm-aa4">
         <name>_atoi</name>
         <value>0x1b83e</value>
         <object_component_ref idref="oc-244"/>
      </symbol>
      <symbol id="sm-aac">
         <name>__ctypes_</name>
         <value>0xa9c0</value>
         <object_component_ref idref="oc-23f"/>
      </symbol>
      <symbol id="sm-aba">
         <name>_ltoa</name>
         <value>0x1b86f</value>
         <object_component_ref idref="oc-245"/>
      </symbol>
      <symbol id="sm-ac9">
         <name>_memccpy</name>
         <value>0x1baf5</value>
         <object_component_ref idref="oc-24a"/>
      </symbol>
      <symbol id="sm-ad8">
         <name>_strchr</name>
         <value>0x1bb02</value>
         <object_component_ref idref="oc-248"/>
      </symbol>
      <symbol id="sm-ae6">
         <name>_wcslen</name>
         <value>0x1bb29</value>
         <object_component_ref idref="oc-24b"/>
      </symbol>
      <symbol id="sm-af3">
         <name>_copysignl</name>
         <value>0x1b96a</value>
         <object_component_ref idref="oc-24d"/>
      </symbol>
      <symbol id="sm-aff">
         <name>_copysignf</name>
         <value>0x1bad6</value>
         <object_component_ref idref="oc-24c"/>
      </symbol>
      <symbol id="sm-b00">
         <name>_copysign</name>
         <value>0x1bad6</value>
         <object_component_ref idref="oc-24c"/>
      </symbol>
      <symbol id="sm-b0c">
         <name>UL$$MOD</name>
         <value>0x1b8ed</value>
         <object_component_ref idref="oc-216"/>
      </symbol>
      <symbol id="sm-b0d">
         <name>L$$MOD</name>
         <value>0x1b8d8</value>
         <object_component_ref idref="oc-216"/>
      </symbol>
      <symbol id="sm-b0e">
         <name>L$$DIV</name>
         <value>0x1b8c9</value>
         <object_component_ref idref="oc-216"/>
      </symbol>
      <symbol id="sm-b0f">
         <name>UL$$DIV</name>
         <value>0x1b8e6</value>
         <object_component_ref idref="oc-216"/>
      </symbol>
   </symbol_table>
   <title>Link successful</title>
</link_info>
