<?xml version="1.0" encoding="ISO-8859-1" ?>
<link_info>
   <banner>TMS320C2000 Linker PC v18.12.3.LTS</banner>
   <copyright>Copyright (c) 1996-2018 Texas Instruments Incorporated</copyright>
   <link_time>0x6914d30c</link_time>
   <link_errors>0x0</link_errors>
   <output_file>DSP_01_cpu01.out</output_file>
   <entry_point>
      <name>_c_int00</name>
      <address>0x19970</address>
   </entry_point>
   <input_file_list>
      <input_file id="fl-2">
         <path>.\</path>
         <kind>object</kind>
         <file>F2837xD_Adc.obj</file>
         <name>F2837xD_Adc.obj</name>
      </input_file>
      <input_file id="fl-3">
         <path>.\</path>
         <kind>object</kind>
         <file>F2837xD_CodeStartBranch.obj</file>
         <name>F2837xD_CodeStartBranch.obj</name>
      </input_file>
      <input_file id="fl-4">
         <path>.\</path>
         <kind>object</kind>
         <file>F2837xD_CpuTimers.obj</file>
         <name>F2837xD_CpuTimers.obj</name>
      </input_file>
      <input_file id="fl-5">
         <path>.\</path>
         <kind>object</kind>
         <file>F2837xD_DefaultISR.obj</file>
         <name>F2837xD_DefaultISR.obj</name>
      </input_file>
      <input_file id="fl-6">
         <path>.\</path>
         <kind>object</kind>
         <file>F2837xD_EPwm.obj</file>
         <name>F2837xD_EPwm.obj</name>
      </input_file>
      <input_file id="fl-7">
         <path>.\</path>
         <kind>object</kind>
         <file>F2837xD_GlobalVariableDefs.obj</file>
         <name>F2837xD_GlobalVariableDefs.obj</name>
      </input_file>
      <input_file id="fl-8">
         <path>.\</path>
         <kind>object</kind>
         <file>F2837xD_Gpio.obj</file>
         <name>F2837xD_Gpio.obj</name>
      </input_file>
      <input_file id="fl-9">
         <path>.\</path>
         <kind>object</kind>
         <file>F2837xD_Ipc.obj</file>
         <name>F2837xD_Ipc.obj</name>
      </input_file>
      <input_file id="fl-a">
         <path>.\</path>
         <kind>object</kind>
         <file>F2837xD_PieCtrl.obj</file>
         <name>F2837xD_PieCtrl.obj</name>
      </input_file>
      <input_file id="fl-b">
         <path>.\</path>
         <kind>object</kind>
         <file>F2837xD_PieVect.obj</file>
         <name>F2837xD_PieVect.obj</name>
      </input_file>
      <input_file id="fl-c">
         <path>.\</path>
         <kind>object</kind>
         <file>F2837xD_SysCtrl.obj</file>
         <name>F2837xD_SysCtrl.obj</name>
      </input_file>
      <input_file id="fl-d">
         <path>.\</path>
         <kind>object</kind>
         <file>F2837xD_usDelay.obj</file>
         <name>F2837xD_usDelay.obj</name>
      </input_file>
      <input_file id="fl-e">
         <path>.\</path>
         <kind>object</kind>
         <file>Peripheral_Setup_cpu01.obj</file>
         <name>Peripheral_Setup_cpu01.obj</name>
      </input_file>
      <input_file id="fl-f">
         <path>.\</path>
         <kind>object</kind>
         <file>main_cpu01.obj</file>
         <name>main_cpu01.obj</name>
      </input_file>
      <input_file id="fl-15">
         <kind>object</kind>
         <file>&lt;internal&gt;</file>
         <name>&lt;internal&gt;</name>
      </input_file>
      <input_file id="fl-16">
         <path>C:\ti\ccs920\ccs\tools\compiler\ti-cgt-c2000_18.12.3.LTS\lib\</path>
         <kind>archive</kind>
         <file>rts2800_fpu32.lib</file>
         <name>sprintf.c.obj</name>
      </input_file>
      <input_file id="fl-17">
         <path>C:\ti\ccs920\ccs\tools\compiler\ti-cgt-c2000_18.12.3.LTS\lib\</path>
         <kind>archive</kind>
         <file>rts2800_fpu32.lib</file>
         <name>boot28.asm.obj</name>
      </input_file>
      <input_file id="fl-18">
         <path>C:\ti\ccs920\ccs\tools\compiler\ti-cgt-c2000_18.12.3.LTS\lib\</path>
         <kind>archive</kind>
         <file>rts2800_fpu32.lib</file>
         <name>ll_aox28.asm.obj</name>
      </input_file>
      <input_file id="fl-19">
         <path>C:\ti\ccs920\ccs\tools\compiler\ti-cgt-c2000_18.12.3.LTS\lib\</path>
         <kind>archive</kind>
         <file>rts2800_fpu32.lib</file>
         <name>i_div28.asm.obj</name>
      </input_file>
      <input_file id="fl-1a">
         <path>C:\ti\ccs920\ccs\tools\compiler\ti-cgt-c2000_18.12.3.LTS\lib\</path>
         <kind>archive</kind>
         <file>rts2800_fpu32.lib</file>
         <name>cpy_tbl.c.obj</name>
      </input_file>
      <input_file id="fl-1b">
         <path>C:\ti\ccs920\ccs\tools\compiler\ti-cgt-c2000_18.12.3.LTS\lib\</path>
         <kind>archive</kind>
         <file>rts2800_fpu32.lib</file>
         <name>memcpy.c.obj</name>
      </input_file>
      <input_file id="fl-1c">
         <path>C:\ti\ccs920\ccs\tools\compiler\ti-cgt-c2000_18.12.3.LTS\lib\</path>
         <kind>archive</kind>
         <file>rts2800_fpu32.lib</file>
         <name>pre_init.c.obj</name>
      </input_file>
      <input_file id="fl-1d">
         <path>C:\ti\ccs920\ccs\tools\compiler\ti-cgt-c2000_18.12.3.LTS\lib\</path>
         <kind>archive</kind>
         <file>rts2800_fpu32.lib</file>
         <name>startup.c.obj</name>
      </input_file>
      <input_file id="fl-1e">
         <path>C:\ti\ccs920\ccs\tools\compiler\ti-cgt-c2000_18.12.3.LTS\lib\</path>
         <kind>archive</kind>
         <file>rts2800_fpu32.lib</file>
         <name>exit.c.obj</name>
      </input_file>
      <input_file id="fl-1f">
         <path>C:\ti\ccs920\ccs\tools\compiler\ti-cgt-c2000_18.12.3.LTS\lib\</path>
         <kind>archive</kind>
         <file>rts2800_fpu32.lib</file>
         <name>_lock.c.obj</name>
      </input_file>
      <input_file id="fl-20">
         <path>C:\ti\ccs920\ccs\tools\compiler\ti-cgt-c2000_18.12.3.LTS\lib\</path>
         <kind>archive</kind>
         <file>rts2800_fpu32.lib</file>
         <name>args_main.c.obj</name>
      </input_file>
      <input_file id="fl-21">
         <path>C:\ti\ccs920\ccs\tools\compiler\ti-cgt-c2000_18.12.3.LTS\lib\</path>
         <kind>archive</kind>
         <file>rts2800_fpu32.lib</file>
         <name>memset.c.obj</name>
      </input_file>
      <input_file id="fl-22">
         <path>C:\ti\ccs920\ccs\tools\compiler\ti-cgt-c2000_18.12.3.LTS\lib\</path>
         <kind>archive</kind>
         <file>rts2800_fpu32.lib</file>
         <name>strcat.c.obj</name>
      </input_file>
      <input_file id="fl-23">
         <path>C:\ti\ccs920\ccs\tools\compiler\ti-cgt-c2000_18.12.3.LTS\lib\</path>
         <kind>archive</kind>
         <file>rts2800_fpu32.lib</file>
         <name>strcpy.c.obj</name>
      </input_file>
      <input_file id="fl-24">
         <path>C:\ti\ccs920\ccs\tools\compiler\ti-cgt-c2000_18.12.3.LTS\lib\</path>
         <kind>archive</kind>
         <file>rts2800_fpu32.lib</file>
         <name>strlen.c.obj</name>
      </input_file>
      <input_file id="fl-25">
         <path>C:\ti\ccs920\ccs\tools\compiler\ti-cgt-c2000_18.12.3.LTS\lib\</path>
         <kind>archive</kind>
         <file>rts2800_fpu32.lib</file>
         <name>strtod.c.obj</name>
      </input_file>
      <input_file id="fl-26">
         <path>C:\ti\ccs920\ccs\tools\compiler\ti-cgt-c2000_18.12.3.LTS\lib\</path>
         <kind>archive</kind>
         <file>rts2800_fpu32.lib</file>
         <name>strtol.c.obj</name>
      </input_file>
      <input_file id="fl-27">
         <path>C:\ti\ccs920\ccs\tools\compiler\ti-cgt-c2000_18.12.3.LTS\lib\</path>
         <kind>archive</kind>
         <file>rts2800_fpu32.lib</file>
         <name>errno.c.obj</name>
      </input_file>
      <input_file id="fl-28">
         <path>C:\ti\ccs920\ccs\tools\compiler\ti-cgt-c2000_18.12.3.LTS\lib\</path>
         <kind>archive</kind>
         <file>rts2800_fpu32.lib</file>
         <name>_printfi.c.obj</name>
      </input_file>
      <input_file id="fl-29">
         <path>C:\ti\ccs920\ccs\tools\compiler\ti-cgt-c2000_18.12.3.LTS\lib\</path>
         <kind>archive</kind>
         <file>rts2800_fpu32.lib</file>
         <name>s_frexp.c.obj</name>
      </input_file>
      <input_file id="fl-2a">
         <path>C:\ti\ccs920\ccs\tools\compiler\ti-cgt-c2000_18.12.3.LTS\lib\</path>
         <kind>archive</kind>
         <file>rts2800_fpu32.lib</file>
         <name>s_scalbn.c.obj</name>
      </input_file>
      <input_file id="fl-2b">
         <path>C:\ti\ccs920\ccs\tools\compiler\ti-cgt-c2000_18.12.3.LTS\lib\</path>
         <kind>archive</kind>
         <file>rts2800_fpu32.lib</file>
         <name>s_scalbnf.c.obj</name>
      </input_file>
      <input_file id="fl-2c">
         <path>C:\ti\ccs920\ccs\tools\compiler\ti-cgt-c2000_18.12.3.LTS\lib\</path>
         <kind>archive</kind>
         <file>rts2800_fpu32.lib</file>
         <name>fd_add28.asm.obj</name>
      </input_file>
      <input_file id="fl-2d">
         <path>C:\ti\ccs920\ccs\tools\compiler\ti-cgt-c2000_18.12.3.LTS\lib\</path>
         <kind>archive</kind>
         <file>rts2800_fpu32.lib</file>
         <name>fd_cmp28.asm.obj</name>
      </input_file>
      <input_file id="fl-2e">
         <path>C:\ti\ccs920\ccs\tools\compiler\ti-cgt-c2000_18.12.3.LTS\lib\</path>
         <kind>archive</kind>
         <file>rts2800_fpu32.lib</file>
         <name>fd_mpy28.asm.obj</name>
      </input_file>
      <input_file id="fl-2f">
         <path>C:\ti\ccs920\ccs\tools\compiler\ti-cgt-c2000_18.12.3.LTS\lib\</path>
         <kind>archive</kind>
         <file>rts2800_fpu32.lib</file>
         <name>fd_neg28.asm.obj</name>
      </input_file>
      <input_file id="fl-30">
         <path>C:\ti\ccs920\ccs\tools\compiler\ti-cgt-c2000_18.12.3.LTS\lib\</path>
         <kind>archive</kind>
         <file>rts2800_fpu32.lib</file>
         <name>fd_sub28.asm.obj</name>
      </input_file>
      <input_file id="fl-31">
         <path>C:\ti\ccs920\ccs\tools\compiler\ti-cgt-c2000_18.12.3.LTS\lib\</path>
         <kind>archive</kind>
         <file>rts2800_fpu32.lib</file>
         <name>fd_toi28.asm.obj</name>
      </input_file>
      <input_file id="fl-32">
         <path>C:\ti\ccs920\ccs\tools\compiler\ti-cgt-c2000_18.12.3.LTS\lib\</path>
         <kind>archive</kind>
         <file>rts2800_fpu32.lib</file>
         <name>fd_tol28.asm.obj</name>
      </input_file>
      <input_file id="fl-33">
         <path>C:\ti\ccs920\ccs\tools\compiler\ti-cgt-c2000_18.12.3.LTS\lib\</path>
         <kind>archive</kind>
         <file>rts2800_fpu32.lib</file>
         <name>fs_div28.asm.obj</name>
      </input_file>
      <input_file id="fl-34">
         <path>C:\ti\ccs920\ccs\tools\compiler\ti-cgt-c2000_18.12.3.LTS\lib\</path>
         <kind>archive</kind>
         <file>rts2800_fpu32.lib</file>
         <name>ll_cmp28.asm.obj</name>
      </input_file>
      <input_file id="fl-35">
         <path>C:\ti\ccs920\ccs\tools\compiler\ti-cgt-c2000_18.12.3.LTS\lib\</path>
         <kind>archive</kind>
         <file>rts2800_fpu32.lib</file>
         <name>ll_div28.asm.obj</name>
      </input_file>
      <input_file id="fl-36">
         <path>C:\ti\ccs920\ccs\tools\compiler\ti-cgt-c2000_18.12.3.LTS\lib\</path>
         <kind>archive</kind>
         <file>rts2800_fpu32.lib</file>
         <name>i_tofd28.asm.obj</name>
      </input_file>
      <input_file id="fl-37">
         <path>C:\ti\ccs920\ccs\tools\compiler\ti-cgt-c2000_18.12.3.LTS\lib\</path>
         <kind>archive</kind>
         <file>rts2800_fpu32.lib</file>
         <name>l_tofd28.asm.obj</name>
      </input_file>
      <input_file id="fl-38">
         <path>C:\ti\ccs920\ccs\tools\compiler\ti-cgt-c2000_18.12.3.LTS\lib\</path>
         <kind>archive</kind>
         <file>rts2800_fpu32.lib</file>
         <name>fs_tofdfpu32.asm.obj</name>
      </input_file>
      <input_file id="fl-39">
         <path>C:\ti\ccs920\ccs\tools\compiler\ti-cgt-c2000_18.12.3.LTS\lib\</path>
         <kind>archive</kind>
         <file>rts2800_fpu32.lib</file>
         <name>fd_div28.asm.obj</name>
      </input_file>
      <input_file id="fl-3a">
         <path>C:\ti\ccs920\ccs\tools\compiler\ti-cgt-c2000_18.12.3.LTS\lib\</path>
         <kind>archive</kind>
         <file>rts2800_fpu32.lib</file>
         <name>atoi.c.obj</name>
      </input_file>
      <input_file id="fl-3b">
         <path>C:\ti\ccs920\ccs\tools\compiler\ti-cgt-c2000_18.12.3.LTS\lib\</path>
         <kind>archive</kind>
         <file>rts2800_fpu32.lib</file>
         <name>ctype.c.obj</name>
      </input_file>
      <input_file id="fl-3c">
         <path>C:\ti\ccs920\ccs\tools\compiler\ti-cgt-c2000_18.12.3.LTS\lib\</path>
         <kind>archive</kind>
         <file>rts2800_fpu32.lib</file>
         <name>ltoa.c.obj</name>
      </input_file>
      <input_file id="fl-3d">
         <path>C:\ti\ccs920\ccs\tools\compiler\ti-cgt-c2000_18.12.3.LTS\lib\</path>
         <kind>archive</kind>
         <file>rts2800_fpu32.lib</file>
         <name>memccpy.c.obj</name>
      </input_file>
      <input_file id="fl-3e">
         <path>C:\ti\ccs920\ccs\tools\compiler\ti-cgt-c2000_18.12.3.LTS\lib\</path>
         <kind>archive</kind>
         <file>rts2800_fpu32.lib</file>
         <name>strchr.c.obj</name>
      </input_file>
      <input_file id="fl-3f">
         <path>C:\ti\ccs920\ccs\tools\compiler\ti-cgt-c2000_18.12.3.LTS\lib\</path>
         <kind>archive</kind>
         <file>rts2800_fpu32.lib</file>
         <name>wcslen.c.obj</name>
      </input_file>
      <input_file id="fl-40">
         <path>C:\ti\ccs920\ccs\tools\compiler\ti-cgt-c2000_18.12.3.LTS\lib\</path>
         <kind>archive</kind>
         <file>rts2800_fpu32.lib</file>
         <name>s_copysign.c.obj</name>
      </input_file>
      <input_file id="fl-41">
         <path>C:\ti\ccs920\ccs\tools\compiler\ti-cgt-c2000_18.12.3.LTS\lib\</path>
         <kind>archive</kind>
         <file>rts2800_fpu32.lib</file>
         <name>s_copysignf.c.obj</name>
      </input_file>
      <input_file id="fl-42">
         <path>C:\ti\ccs920\ccs\tools\compiler\ti-cgt-c2000_18.12.3.LTS\lib\</path>
         <kind>archive</kind>
         <file>rts2800_fpu32.lib</file>
         <name>l_div28.asm.obj</name>
      </input_file>
   </input_file_list>
   <object_component_list>
      <object_component id="oc-8f">
         <name>codestart</name>
         <load_address>0x0</load_address>
         <run_address>0x0</run_address>
         <size>0x2</size>
         <input_file_ref idref="fl-3"/>
      </object_component>
      <object_component id="oc-239">
         <name>.text</name>
         <load_address>0x17000</load_address>
         <run_address>0x17000</run_address>
         <size>0xce3</size>
         <input_file_ref idref="fl-28"/>
      </object_component>
      <object_component id="oc-9b">
         <name>.text:retain</name>
         <load_address>0x17ce3</load_address>
         <run_address>0x17ce3</run_address>
         <size>0x585</size>
         <input_file_ref idref="fl-5"/>
      </object_component>
      <object_component id="oc-229">
         <name>.text</name>
         <load_address>0x18268</load_address>
         <run_address>0x18268</run_address>
         <size>0x3a5</size>
         <input_file_ref idref="fl-e"/>
      </object_component>
      <object_component id="oc-224">
         <name>.text</name>
         <load_address>0x1860d</load_address>
         <run_address>0x1860d</run_address>
         <size>0x33b</size>
         <input_file_ref idref="fl-c"/>
      </object_component>
      <object_component id="oc-220">
         <name>.text</name>
         <load_address>0x18948</load_address>
         <run_address>0x18948</run_address>
         <size>0x313</size>
         <input_file_ref idref="fl-f"/>
      </object_component>
      <object_component id="oc-225">
         <name>.text</name>
         <load_address>0x18c5b</load_address>
         <run_address>0x18c5b</run_address>
         <size>0x244</size>
         <input_file_ref idref="fl-8"/>
      </object_component>
      <object_component id="oc-234">
         <name>.text</name>
         <load_address>0x18e9f</load_address>
         <run_address>0x18e9f</run_address>
         <size>0x1ff</size>
         <input_file_ref idref="fl-25"/>
      </object_component>
      <object_component id="oc-1d8">
         <name>.text</name>
         <load_address>0x1909e</load_address>
         <run_address>0x1909e</run_address>
         <size>0x107</size>
         <input_file_ref idref="fl-35"/>
      </object_component>
      <object_component id="oc-22a">
         <name>.text</name>
         <load_address>0x191a5</load_address>
         <run_address>0x191a5</run_address>
         <size>0x100</size>
         <input_file_ref idref="fl-6"/>
      </object_component>
      <object_component id="oc-130">
         <name>.text:retain</name>
         <load_address>0x192a5</load_address>
         <run_address>0x192a5</run_address>
         <size>0xf9</size>
         <input_file_ref idref="fl-f"/>
      </object_component>
      <object_component id="oc-238">
         <name>.text</name>
         <load_address>0x1939e</load_address>
         <run_address>0x1939e</run_address>
         <size>0xf1</size>
         <input_file_ref idref="fl-2"/>
      </object_component>
      <object_component id="oc-233">
         <name>.text</name>
         <load_address>0x1948f</load_address>
         <run_address>0x1948f</run_address>
         <size>0xd3</size>
         <input_file_ref idref="fl-26"/>
      </object_component>
      <object_component id="oc-242">
         <name>.text</name>
         <load_address>0x19562</load_address>
         <run_address>0x19562</run_address>
         <size>0xae</size>
         <input_file_ref idref="fl-2a"/>
      </object_component>
      <object_component id="oc-1ab">
         <name>.text</name>
         <load_address>0x19610</load_address>
         <run_address>0x19610</run_address>
         <size>0x9c</size>
         <input_file_ref idref="fl-2c"/>
      </object_component>
      <object_component id="oc-1ec">
         <name>.text</name>
         <load_address>0x196ac</load_address>
         <run_address>0x196ac</run_address>
         <size>0x8b</size>
         <input_file_ref idref="fl-39"/>
      </object_component>
      <object_component id="oc-1ce">
         <name>.text</name>
         <load_address>0x19737</load_address>
         <run_address>0x19737</run_address>
         <size>0x88</size>
         <input_file_ref idref="fl-33"/>
      </object_component>
      <object_component id="oc-1b5">
         <name>.text</name>
         <load_address>0x197bf</load_address>
         <run_address>0x197bf</run_address>
         <size>0x83</size>
         <input_file_ref idref="fl-2e"/>
      </object_component>
      <object_component id="oc-228">
         <name>.text</name>
         <load_address>0x19842</load_address>
         <run_address>0x19842</run_address>
         <size>0x7c</size>
         <input_file_ref idref="fl-4"/>
      </object_component>
      <object_component id="oc-241">
         <name>.text</name>
         <load_address>0x198be</load_address>
         <run_address>0x198be</run_address>
         <size>0x5a</size>
         <input_file_ref idref="fl-29"/>
      </object_component>
      <object_component id="oc-23d">
         <name>.text</name>
         <load_address>0x19918</load_address>
         <run_address>0x19918</run_address>
         <size>0x58</size>
         <input_file_ref idref="fl-2b"/>
      </object_component>
      <object_component id="oc-89">
         <name>.text</name>
         <load_address>0x19970</load_address>
         <run_address>0x19970</run_address>
         <size>0x56</size>
         <input_file_ref idref="fl-17"/>
      </object_component>
      <object_component id="oc-231">
         <name>.text</name>
         <load_address>0x199c6</load_address>
         <run_address>0x199c6</run_address>
         <size>0x32</size>
         <input_file_ref idref="fl-16"/>
      </object_component>
      <object_component id="oc-23f">
         <name>.text</name>
         <load_address>0x199f8</load_address>
         <run_address>0x199f8</run_address>
         <size>0x31</size>
         <input_file_ref idref="fl-3a"/>
      </object_component>
      <object_component id="oc-240">
         <name>.text</name>
         <load_address>0x19a29</load_address>
         <run_address>0x19a29</run_address>
         <size>0x30</size>
         <input_file_ref idref="fl-3c"/>
      </object_component>
      <object_component id="oc-1b0">
         <name>.text</name>
         <load_address>0x19a59</load_address>
         <run_address>0x19a59</run_address>
         <size>0x2a</size>
         <input_file_ref idref="fl-2d"/>
      </object_component>
      <object_component id="oc-216">
         <name>.text</name>
         <load_address>0x19a83</load_address>
         <run_address>0x19a83</run_address>
         <size>0x2a</size>
         <input_file_ref idref="fl-42"/>
      </object_component>
      <object_component id="oc-21f">
         <name>.text</name>
         <load_address>0x19aad</load_address>
         <run_address>0x19aad</run_address>
         <size>0x29</size>
         <input_file_ref idref="fl-1e"/>
      </object_component>
      <object_component id="oc-226">
         <name>.text</name>
         <load_address>0x19ad6</load_address>
         <run_address>0x19ad6</run_address>
         <size>0x28</size>
         <input_file_ref idref="fl-a"/>
      </object_component>
      <object_component id="oc-227">
         <name>.text</name>
         <load_address>0x19afe</load_address>
         <run_address>0x19afe</run_address>
         <size>0x26</size>
         <input_file_ref idref="fl-b"/>
      </object_component>
      <object_component id="oc-248">
         <name>.text</name>
         <load_address>0x19b24</load_address>
         <run_address>0x19b24</run_address>
         <size>0x25</size>
         <input_file_ref idref="fl-40"/>
      </object_component>
      <object_component id="oc-21c">
         <name>.text</name>
         <load_address>0x19b49</load_address>
         <run_address>0x19b49</run_address>
         <size>0x24</size>
         <input_file_ref idref="fl-1a"/>
      </object_component>
      <object_component id="oc-146">
         <name>.text</name>
         <load_address>0x19b6d</load_address>
         <run_address>0x19b6d</run_address>
         <size>0x22</size>
         <input_file_ref idref="fl-19"/>
      </object_component>
      <object_component id="oc-1c4">
         <name>.text</name>
         <load_address>0x19b8f</load_address>
         <run_address>0x19b8f</run_address>
         <size>0x21</size>
         <input_file_ref idref="fl-31"/>
      </object_component>
      <object_component id="oc-1c9">
         <name>.text</name>
         <load_address>0x19bb0</load_address>
         <run_address>0x19bb0</run_address>
         <size>0x1f</size>
         <input_file_ref idref="fl-32"/>
      </object_component>
      <object_component id="oc-1d3">
         <name>.text</name>
         <load_address>0x19bcf</load_address>
         <run_address>0x19bcf</run_address>
         <size>0x1e</size>
         <input_file_ref idref="fl-34"/>
      </object_component>
      <object_component id="oc-1dd">
         <name>.text</name>
         <load_address>0x19bed</load_address>
         <run_address>0x19bed</run_address>
         <size>0x1d</size>
         <input_file_ref idref="fl-36"/>
      </object_component>
      <object_component id="oc-221">
         <name>.text</name>
         <load_address>0x19c0a</load_address>
         <run_address>0x19c0a</run_address>
         <size>0x1d</size>
         <input_file_ref idref="fl-1b"/>
      </object_component>
      <object_component id="oc-1e7">
         <name>.text</name>
         <load_address>0x19c27</load_address>
         <run_address>0x19c27</run_address>
         <size>0x1c</size>
         <input_file_ref idref="fl-38"/>
      </object_component>
      <object_component id="oc-1e2">
         <name>.text</name>
         <load_address>0x19c43</load_address>
         <run_address>0x19c43</run_address>
         <size>0x1c</size>
         <input_file_ref idref="fl-37"/>
      </object_component>
      <object_component id="oc-21e">
         <name>.text</name>
         <load_address>0x19c5f</load_address>
         <run_address>0x19c5f</run_address>
         <size>0x19</size>
         <input_file_ref idref="fl-20"/>
      </object_component>
      <object_component id="oc-141">
         <name>.text</name>
         <load_address>0x19c78</load_address>
         <run_address>0x19c78</run_address>
         <size>0x18</size>
         <input_file_ref idref="fl-18"/>
      </object_component>
      <object_component id="oc-247">
         <name>.text</name>
         <load_address>0x19c90</load_address>
         <run_address>0x19c90</run_address>
         <size>0x11</size>
         <input_file_ref idref="fl-41"/>
      </object_component>
      <object_component id="oc-1bf">
         <name>.text</name>
         <load_address>0x19ca1</load_address>
         <run_address>0x19ca1</run_address>
         <size>0xe</size>
         <input_file_ref idref="fl-30"/>
      </object_component>
      <object_component id="oc-245">
         <name>.text</name>
         <load_address>0x19caf</load_address>
         <run_address>0x19caf</run_address>
         <size>0xd</size>
         <input_file_ref idref="fl-3d"/>
      </object_component>
      <object_component id="oc-243">
         <name>.text</name>
         <load_address>0x19cbc</load_address>
         <run_address>0x19cbc</run_address>
         <size>0xc</size>
         <input_file_ref idref="fl-3e"/>
      </object_component>
      <object_component id="oc-235">
         <name>.text</name>
         <load_address>0x19cc8</load_address>
         <run_address>0x19cc8</run_address>
         <size>0x9</size>
         <input_file_ref idref="fl-1f"/>
      </object_component>
      <object_component id="oc-1ba">
         <name>.text</name>
         <load_address>0x19cd1</load_address>
         <run_address>0x19cd1</run_address>
         <size>0x9</size>
         <input_file_ref idref="fl-2f"/>
      </object_component>
      <object_component id="oc-22e">
         <name>.text</name>
         <load_address>0x19cda</load_address>
         <run_address>0x19cda</run_address>
         <size>0x9</size>
         <input_file_ref idref="fl-22"/>
      </object_component>
      <object_component id="oc-246">
         <name>.text</name>
         <load_address>0x19ce3</load_address>
         <run_address>0x19ce3</run_address>
         <size>0x9</size>
         <input_file_ref idref="fl-3f"/>
      </object_component>
      <object_component id="oc-232">
         <name>.text</name>
         <load_address>0x19cec</load_address>
         <run_address>0x19cec</run_address>
         <size>0x8</size>
         <input_file_ref idref="fl-24"/>
      </object_component>
      <object_component id="oc-244">
         <name>.text</name>
         <load_address>0x19cf4</load_address>
         <run_address>0x19cf4</run_address>
         <size>0x7</size>
         <input_file_ref idref="fl-21"/>
      </object_component>
      <object_component id="oc-22d">
         <name>.text</name>
         <load_address>0x19cfb</load_address>
         <run_address>0x19cfb</run_address>
         <size>0x5</size>
         <input_file_ref idref="fl-23"/>
      </object_component>
      <object_component id="oc-21b">
         <name>.text</name>
         <load_address>0x19d00</load_address>
         <run_address>0x19d00</run_address>
         <size>0x2</size>
         <input_file_ref idref="fl-1c"/>
      </object_component>
      <object_component id="oc-21d">
         <name>.text</name>
         <load_address>0x19d02</load_address>
         <run_address>0x19d02</run_address>
         <size>0x1</size>
         <input_file_ref idref="fl-1d"/>
      </object_component>
      <object_component id="oc-12e">
         <name>.cinit</name>
         <load_address>0xb000</load_address>
         <run_address>0xb000</run_address>
         <size>0x3aa</size>
         <input_file_ref idref="fl-f"/>
      </object_component>
      <object_component id="oc-160">
         <name>.cinit</name>
         <load_address>0xb3aa</load_address>
         <run_address>0xb3aa</run_address>
         <size>0xe</size>
         <input_file_ref idref="fl-1e"/>
      </object_component>
      <object_component id="oc-230">
         <name>.cinit:_aux</name>
         <load_address>0xb3b8</load_address>
         <run_address>0xb3b8</run_address>
         <size>0x7</size>
         <input_file_ref idref="fl-f"/>
      </object_component>
      <object_component id="oc-223">
         <name>.cinit:__lock</name>
         <load_address>0xb3bf</load_address>
         <run_address>0xb3bf</run_address>
         <size>0x5</size>
         <input_file_ref idref="fl-1f"/>
      </object_component>
      <object_component id="oc-236">
         <name>.cinit:__unlock</name>
         <load_address>0xb3c4</load_address>
         <run_address>0xb3c4</run_address>
         <size>0x5</size>
         <input_file_ref idref="fl-1f"/>
      </object_component>
      <object_component id="oc-22c">
         <name>.cinit:_reset</name>
         <load_address>0xb3c9</load_address>
         <run_address>0xb3c9</run_address>
         <size>0x4</size>
         <input_file_ref idref="fl-f"/>
      </object_component>
      <object_component id="oc-18f">
         <name>.cinit</name>
         <load_address>0xb3cd</load_address>
         <run_address>0xb3cd</run_address>
         <size>0x4</size>
         <input_file_ref idref="fl-27"/>
      </object_component>
      <object_component id="oc-13c">
         <name>.reset</name>
         <load_address>0x3fffc0</load_address>
         <run_address>0x3fffc0</run_address>
         <size>0x2</size>
         <input_file_ref idref="fl-17"/>
      </object_component>
      <object_component id="oc-13b">
         <name>.stack</name>
         <uninitialized>true</uninitialized>
         <run_address>0x400</run_address>
         <size>0x0</size>
         <input_file_ref idref="fl-17"/>
      </object_component>
      <object_component id="oc-2d7">
         <name>.stack</name>
         <uninitialized>true</uninitialized>
         <run_address>0x400</run_address>
         <size>0x0</size>
      </object_component>
      <object_component id="oc-95">
         <name>.ebss</name>
         <uninitialized>true</uninitialized>
         <run_address>0x11b0c</run_address>
         <size>0x18</size>
         <input_file_ref idref="fl-4"/>
      </object_component>
      <object_component id="oc-12f">
         <name>.ebss</name>
         <uninitialized>true</uninitialized>
         <run_address>0x11000</run_address>
         <size>0xb0c</size>
         <input_file_ref idref="fl-f"/>
      </object_component>
      <object_component id="oc-22f">
         <name>.ebss:_aux</name>
         <uninitialized>true</uninitialized>
         <run_address>0x11b32</run_address>
         <size>0x4</size>
         <input_file_ref idref="fl-f"/>
      </object_component>
      <object_component id="oc-22b">
         <name>.ebss:_reset</name>
         <uninitialized>true</uninitialized>
         <run_address>0x11b24</run_address>
         <size>0x8</size>
         <input_file_ref idref="fl-f"/>
      </object_component>
      <object_component id="oc-161">
         <name>.ebss</name>
         <uninitialized>true</uninitialized>
         <run_address>0x11b2c</run_address>
         <size>0x6</size>
         <input_file_ref idref="fl-1e"/>
      </object_component>
      <object_component id="oc-222">
         <name>.ebss:__lock</name>
         <uninitialized>true</uninitialized>
         <run_address>0x11b36</run_address>
         <size>0x2</size>
         <input_file_ref idref="fl-1f"/>
      </object_component>
      <object_component id="oc-23e">
         <name>.ebss:__unlock</name>
         <uninitialized>true</uninitialized>
         <run_address>0x11b38</run_address>
         <size>0x2</size>
         <input_file_ref idref="fl-1f"/>
      </object_component>
      <object_component id="oc-190">
         <name>.ebss</name>
         <uninitialized>true</uninitialized>
         <run_address>0x11b3a</run_address>
         <size>0x1</size>
         <input_file_ref idref="fl-27"/>
      </object_component>
      <object_component id="oc-237">
         <name>.econst:_PieVectTableInit</name>
         <load_address>0xa800</load_address>
         <run_address>0xa800</run_address>
         <size>0x1c0</size>
         <input_file_ref idref="fl-b"/>
      </object_component>
      <object_component id="oc-23a">
         <name>.econst:.string:__ctypes_</name>
         <load_address>0xa9c0</load_address>
         <run_address>0xa9c0</run_address>
         <size>0x101</size>
         <input_file_ref idref="fl-3b"/>
      </object_component>
      <object_component id="oc-194">
         <name>.econst:.string</name>
         <load_address>0xaac2</load_address>
         <run_address>0xaac2</run_address>
         <size>0x26</size>
         <input_file_ref idref="fl-28"/>
      </object_component>
      <object_component id="oc-23b">
         <name>.econst:_digits</name>
         <load_address>0xaae8</load_address>
         <run_address>0xaae8</run_address>
         <size>0x20</size>
         <input_file_ref idref="fl-25"/>
      </object_component>
      <object_component id="oc-193">
         <name>.econst</name>
         <load_address>0xab08</load_address>
         <run_address>0xab08</run_address>
         <size>0x1c</size>
         <input_file_ref idref="fl-28"/>
      </object_component>
      <object_component id="oc-1a0">
         <name>.econst</name>
         <load_address>0xab24</load_address>
         <run_address>0xab24</run_address>
         <size>0x1c</size>
         <input_file_ref idref="fl-2a"/>
      </object_component>
      <object_component id="oc-131">
         <name>.econst:.string</name>
         <load_address>0xab40</load_address>
         <run_address>0xab40</run_address>
         <size>0x16</size>
         <input_file_ref idref="fl-f"/>
      </object_component>
      <object_component id="oc-23c">
         <name>.econst:_powerof10</name>
         <load_address>0xab56</load_address>
         <run_address>0xab56</run_address>
         <size>0xc</size>
         <input_file_ref idref="fl-25"/>
      </object_component>
      <object_component id="oc-19a">
         <name>.econst</name>
         <load_address>0xab62</load_address>
         <run_address>0xab62</run_address>
         <size>0x8</size>
         <input_file_ref idref="fl-29"/>
      </object_component>
      <object_component id="oc-1a6">
         <name>.econst</name>
         <load_address>0xab6a</load_address>
         <run_address>0xab6a</run_address>
         <size>0x6</size>
         <input_file_ref idref="fl-2b"/>
      </object_component>
      <object_component id="oc-123">
         <name>.TI.ramfunc</name>
         <load_address>0x122</load_address>
         <run_address>0x122</run_address>
         <size>0x4</size>
         <input_file_ref idref="fl-d"/>
      </object_component>
      <object_component id="oc-108">
         <name>PieVectTableFile</name>
         <uninitialized>true</uninitialized>
         <run_address>0xd00</run_address>
         <size>0x1c0</size>
         <input_file_ref idref="fl-7"/>
      </object_component>
      <object_component id="oc-a6">
         <name>EmuKeyVar</name>
         <uninitialized>true</uninitialized>
         <run_address>0xd00</run_address>
         <size>0x1</size>
         <input_file_ref idref="fl-7"/>
      </object_component>
      <object_component id="oc-a7">
         <name>EmuBModeVar</name>
         <uninitialized>true</uninitialized>
         <run_address>0xd01</run_address>
         <size>0x1</size>
         <input_file_ref idref="fl-7"/>
      </object_component>
      <object_component id="oc-bd">
         <name>AdcaResultFile</name>
         <uninitialized>true</uninitialized>
         <run_address>0xb00</run_address>
         <size>0x18</size>
         <input_file_ref idref="fl-7"/>
      </object_component>
      <object_component id="oc-be">
         <name>AdcbResultFile</name>
         <uninitialized>true</uninitialized>
         <run_address>0xb20</run_address>
         <size>0x18</size>
         <input_file_ref idref="fl-7"/>
      </object_component>
      <object_component id="oc-bf">
         <name>AdccResultFile</name>
         <uninitialized>true</uninitialized>
         <run_address>0xb40</run_address>
         <size>0x18</size>
         <input_file_ref idref="fl-7"/>
      </object_component>
      <object_component id="oc-c0">
         <name>AdcdResultFile</name>
         <uninitialized>true</uninitialized>
         <run_address>0xb60</run_address>
         <size>0x18</size>
         <input_file_ref idref="fl-7"/>
      </object_component>
      <object_component id="oc-ee">
         <name>AdcaRegsFile</name>
         <uninitialized>true</uninitialized>
         <run_address>0x7400</run_address>
         <size>0x80</size>
         <input_file_ref idref="fl-7"/>
      </object_component>
      <object_component id="oc-ef">
         <name>AdcbRegsFile</name>
         <uninitialized>true</uninitialized>
         <run_address>0x7480</run_address>
         <size>0x80</size>
         <input_file_ref idref="fl-7"/>
      </object_component>
      <object_component id="oc-f0">
         <name>AdccRegsFile</name>
         <uninitialized>true</uninitialized>
         <run_address>0x7500</run_address>
         <size>0x80</size>
         <input_file_ref idref="fl-7"/>
      </object_component>
      <object_component id="oc-f1">
         <name>AdcdRegsFile</name>
         <uninitialized>true</uninitialized>
         <run_address>0x7580</run_address>
         <size>0x80</size>
         <input_file_ref idref="fl-7"/>
      </object_component>
      <object_component id="oc-ea">
         <name>AnalogSubsysRegsFile</name>
         <uninitialized>true</uninitialized>
         <run_address>0x5d180</run_address>
         <size>0x48</size>
         <input_file_ref idref="fl-7"/>
      </object_component>
      <object_component id="oc-104">
         <name>CanaRegsFile</name>
         <uninitialized>true</uninitialized>
         <run_address>0x48000</run_address>
         <size>0x164</size>
         <input_file_ref idref="fl-7"/>
      </object_component>
      <object_component id="oc-105">
         <name>CanbRegsFile</name>
         <uninitialized>true</uninitialized>
         <run_address>0x4a000</run_address>
         <size>0x164</size>
         <input_file_ref idref="fl-7"/>
      </object_component>
      <object_component id="oc-e5">
         <name>Cla1RegsFile</name>
         <uninitialized>true</uninitialized>
         <run_address>0x1400</run_address>
         <size>0x3e</size>
         <input_file_ref idref="fl-7"/>
      </object_component>
      <object_component id="oc-ab">
         <name>Cla1SoftIntRegsFile</name>
         <uninitialized>true</uninitialized>
         <run_address>0xce0</run_address>
         <size>0x4</size>
         <input_file_ref idref="fl-7"/>
      </object_component>
      <object_component id="oc-c3">
         <name>Cmpss1RegsFile</name>
         <uninitialized>true</uninitialized>
         <run_address>0x5c80</run_address>
         <size>0x20</size>
         <input_file_ref idref="fl-7"/>
      </object_component>
      <object_component id="oc-c4">
         <name>Cmpss2RegsFile</name>
         <uninitialized>true</uninitialized>
         <run_address>0x5ca0</run_address>
         <size>0x20</size>
         <input_file_ref idref="fl-7"/>
      </object_component>
      <object_component id="oc-c5">
         <name>Cmpss3RegsFile</name>
         <uninitialized>true</uninitialized>
         <run_address>0x5cc0</run_address>
         <size>0x20</size>
         <input_file_ref idref="fl-7"/>
      </object_component>
      <object_component id="oc-c6">
         <name>Cmpss4RegsFile</name>
         <uninitialized>true</uninitialized>
         <run_address>0x5ce0</run_address>
         <size>0x20</size>
         <input_file_ref idref="fl-7"/>
      </object_component>
      <object_component id="oc-c7">
         <name>Cmpss5RegsFile</name>
         <uninitialized>true</uninitialized>
         <run_address>0x5d00</run_address>
         <size>0x20</size>
         <input_file_ref idref="fl-7"/>
      </object_component>
      <object_component id="oc-c8">
         <name>Cmpss6RegsFile</name>
         <uninitialized>true</uninitialized>
         <run_address>0x5d20</run_address>
         <size>0x20</size>
         <input_file_ref idref="fl-7"/>
      </object_component>
      <object_component id="oc-c9">
         <name>Cmpss7RegsFile</name>
         <uninitialized>true</uninitialized>
         <run_address>0x5d40</run_address>
         <size>0x20</size>
         <input_file_ref idref="fl-7"/>
      </object_component>
      <object_component id="oc-ca">
         <name>Cmpss8RegsFile</name>
         <uninitialized>true</uninitialized>
         <run_address>0x5d60</run_address>
         <size>0x20</size>
         <input_file_ref idref="fl-7"/>
      </object_component>
      <object_component id="oc-b1">
         <name>CpuTimer0RegsFile</name>
         <uninitialized>true</uninitialized>
         <run_address>0xc00</run_address>
         <size>0x8</size>
         <input_file_ref idref="fl-7"/>
      </object_component>
      <object_component id="oc-b2">
         <name>CpuTimer1RegsFile</name>
         <uninitialized>true</uninitialized>
         <run_address>0xc08</run_address>
         <size>0x8</size>
         <input_file_ref idref="fl-7"/>
      </object_component>
      <object_component id="oc-b3">
         <name>CpuTimer2RegsFile</name>
         <uninitialized>true</uninitialized>
         <run_address>0xc10</run_address>
         <size>0x8</size>
         <input_file_ref idref="fl-7"/>
      </object_component>
      <object_component id="oc-ae">
         <name>DacaRegsFile</name>
         <uninitialized>true</uninitialized>
         <run_address>0x5c00</run_address>
         <size>0x8</size>
         <input_file_ref idref="fl-7"/>
      </object_component>
      <object_component id="oc-af">
         <name>DacbRegsFile</name>
         <uninitialized>true</uninitialized>
         <run_address>0x5c10</run_address>
         <size>0x8</size>
         <input_file_ref idref="fl-7"/>
      </object_component>
      <object_component id="oc-b0">
         <name>DaccRegsFile</name>
         <uninitialized>true</uninitialized>
         <run_address>0x5c20</run_address>
         <size>0x8</size>
         <input_file_ref idref="fl-7"/>
      </object_component>
      <object_component id="oc-dc">
         <name>DcsmZ1RegsFile</name>
         <uninitialized>true</uninitialized>
         <run_address>0x5f000</run_address>
         <size>0x24</size>
         <input_file_ref idref="fl-7"/>
      </object_component>
      <object_component id="oc-dd">
         <name>DcsmZ2RegsFile</name>
         <uninitialized>true</uninitialized>
         <run_address>0x5f040</run_address>
         <size>0x24</size>
         <input_file_ref idref="fl-7"/>
      </object_component>
      <object_component id="oc-b4">
         <name>DcsmCommonRegsFile</name>
         <uninitialized>true</uninitialized>
         <run_address>0x5f070</run_address>
         <size>0x8</size>
         <input_file_ref idref="fl-7"/>
      </object_component>
      <object_component id="oc-cb">
         <name>DcsmZ1OtpFile</name>
         <uninitialized>true</uninitialized>
         <run_address>0x78000</run_address>
         <size>0x20</size>
         <input_file_ref idref="fl-7"/>
      </object_component>
      <object_component id="oc-cc">
         <name>DcsmZ2OtpFile</name>
         <uninitialized>true</uninitialized>
         <run_address>0x78200</run_address>
         <size>0x20</size>
         <input_file_ref idref="fl-7"/>
      </object_component>
      <object_component id="oc-f6">
         <name>DmaRegsFile</name>
         <uninitialized>true</uninitialized>
         <run_address>0x1000</run_address>
         <size>0xe0</size>
         <input_file_ref idref="fl-7"/>
      </object_component>
      <object_component id="oc-c1">
         <name>DmaClaSrcSelRegsFile</name>
         <uninitialized>true</uninitialized>
         <run_address>0x7980</run_address>
         <size>0x1a</size>
         <input_file_ref idref="fl-7"/>
      </object_component>
      <object_component id="oc-cd">
         <name>ECap1RegsFile</name>
         <uninitialized>true</uninitialized>
         <run_address>0x5000</run_address>
         <size>0x20</size>
         <input_file_ref idref="fl-7"/>
      </object_component>
      <object_component id="oc-ce">
         <name>ECap2RegsFile</name>
         <uninitialized>true</uninitialized>
         <run_address>0x5020</run_address>
         <size>0x20</size>
         <input_file_ref idref="fl-7"/>
      </object_component>
      <object_component id="oc-cf">
         <name>ECap3RegsFile</name>
         <uninitialized>true</uninitialized>
         <run_address>0x5040</run_address>
         <size>0x20</size>
         <input_file_ref idref="fl-7"/>
      </object_component>
      <object_component id="oc-d0">
         <name>ECap4RegsFile</name>
         <uninitialized>true</uninitialized>
         <run_address>0x5060</run_address>
         <size>0x20</size>
         <input_file_ref idref="fl-7"/>
      </object_component>
      <object_component id="oc-d1">
         <name>ECap5RegsFile</name>
         <uninitialized>true</uninitialized>
         <run_address>0x5080</run_address>
         <size>0x20</size>
         <input_file_ref idref="fl-7"/>
      </object_component>
      <object_component id="oc-d2">
         <name>ECap6RegsFile</name>
         <uninitialized>true</uninitialized>
         <run_address>0x50a0</run_address>
         <size>0x20</size>
         <input_file_ref idref="fl-7"/>
      </object_component>
      <object_component id="oc-ec">
         <name>Emif1RegsFile</name>
         <uninitialized>true</uninitialized>
         <run_address>0x47000</run_address>
         <size>0x70</size>
         <input_file_ref idref="fl-7"/>
      </object_component>
      <object_component id="oc-ed">
         <name>Emif2RegsFile</name>
         <uninitialized>true</uninitialized>
         <run_address>0x47800</run_address>
         <size>0x70</size>
         <input_file_ref idref="fl-7"/>
      </object_component>
      <object_component id="oc-f7">
         <name>EPwm1RegsFile</name>
         <uninitialized>true</uninitialized>
         <run_address>0x4000</run_address>
         <size>0x100</size>
         <input_file_ref idref="fl-7"/>
      </object_component>
      <object_component id="oc-f8">
         <name>EPwm2RegsFile</name>
         <uninitialized>true</uninitialized>
         <run_address>0x4100</run_address>
         <size>0x100</size>
         <input_file_ref idref="fl-7"/>
      </object_component>
      <object_component id="oc-f9">
         <name>EPwm3RegsFile</name>
         <uninitialized>true</uninitialized>
         <run_address>0x4200</run_address>
         <size>0x100</size>
         <input_file_ref idref="fl-7"/>
      </object_component>
      <object_component id="oc-fa">
         <name>EPwm4RegsFile</name>
         <uninitialized>true</uninitialized>
         <run_address>0x4300</run_address>
         <size>0x100</size>
         <input_file_ref idref="fl-7"/>
      </object_component>
      <object_component id="oc-fb">
         <name>EPwm5RegsFile</name>
         <uninitialized>true</uninitialized>
         <run_address>0x4400</run_address>
         <size>0x100</size>
         <input_file_ref idref="fl-7"/>
      </object_component>
      <object_component id="oc-fc">
         <name>EPwm6RegsFile</name>
         <uninitialized>true</uninitialized>
         <run_address>0x4500</run_address>
         <size>0x100</size>
         <input_file_ref idref="fl-7"/>
      </object_component>
      <object_component id="oc-fd">
         <name>EPwm7RegsFile</name>
         <uninitialized>true</uninitialized>
         <run_address>0x4600</run_address>
         <size>0x100</size>
         <input_file_ref idref="fl-7"/>
      </object_component>
      <object_component id="oc-fe">
         <name>EPwm8RegsFile</name>
         <uninitialized>true</uninitialized>
         <run_address>0x4700</run_address>
         <size>0x100</size>
         <input_file_ref idref="fl-7"/>
      </object_component>
      <object_component id="oc-ff">
         <name>EPwm9RegsFile</name>
         <uninitialized>true</uninitialized>
         <run_address>0x4800</run_address>
         <size>0x100</size>
         <input_file_ref idref="fl-7"/>
      </object_component>
      <object_component id="oc-100">
         <name>EPwm10RegsFile</name>
         <uninitialized>true</uninitialized>
         <run_address>0x4900</run_address>
         <size>0x100</size>
         <input_file_ref idref="fl-7"/>
      </object_component>
      <object_component id="oc-101">
         <name>EPwm11RegsFile</name>
         <uninitialized>true</uninitialized>
         <run_address>0x4a00</run_address>
         <size>0x100</size>
         <input_file_ref idref="fl-7"/>
      </object_component>
      <object_component id="oc-102">
         <name>EPwm12RegsFile</name>
         <uninitialized>true</uninitialized>
         <run_address>0x4b00</run_address>
         <size>0x100</size>
         <input_file_ref idref="fl-7"/>
      </object_component>
      <object_component id="oc-e6">
         <name>EPwmXbarRegsFile</name>
         <uninitialized>true</uninitialized>
         <run_address>0x7a00</run_address>
         <size>0x40</size>
         <input_file_ref idref="fl-7"/>
      </object_component>
      <object_component id="oc-d7">
         <name>EQep1RegsFile</name>
         <uninitialized>true</uninitialized>
         <run_address>0x5100</run_address>
         <size>0x22</size>
         <input_file_ref idref="fl-7"/>
      </object_component>
      <object_component id="oc-d8">
         <name>EQep2RegsFile</name>
         <uninitialized>true</uninitialized>
         <run_address>0x5140</run_address>
         <size>0x22</size>
         <input_file_ref idref="fl-7"/>
      </object_component>
      <object_component id="oc-d9">
         <name>EQep3RegsFile</name>
         <uninitialized>true</uninitialized>
         <run_address>0x5180</run_address>
         <size>0x22</size>
         <input_file_ref idref="fl-7"/>
      </object_component>
      <object_component id="oc-107">
         <name>Flash0CtrlRegsFile</name>
         <uninitialized>true</uninitialized>
         <run_address>0x5f800</run_address>
         <size>0x182</size>
         <input_file_ref idref="fl-7"/>
      </object_component>
      <object_component id="oc-e1">
         <name>Flash0EccRegsFile</name>
         <uninitialized>true</uninitialized>
         <run_address>0x5fb00</run_address>
         <size>0x28</size>
         <input_file_ref idref="fl-7"/>
      </object_component>
      <object_component id="oc-106">
         <name>GpioCtrlRegsFile</name>
         <uninitialized>true</uninitialized>
         <run_address>0x7c00</run_address>
         <size>0x180</size>
         <input_file_ref idref="fl-7"/>
      </object_component>
      <object_component id="oc-e3">
         <name>GpioDataRegsFile</name>
         <uninitialized>true</uninitialized>
         <run_address>0x7f00</run_address>
         <size>0x30</size>
         <input_file_ref idref="fl-7"/>
      </object_component>
      <object_component id="oc-e7">
         <name>OutputXbarRegsFile</name>
         <uninitialized>true</uninitialized>
         <run_address>0x7a80</run_address>
         <size>0x40</size>
         <input_file_ref idref="fl-7"/>
      </object_component>
      <object_component id="oc-da">
         <name>I2caRegsFile</name>
         <uninitialized>true</uninitialized>
         <run_address>0x7300</run_address>
         <size>0x22</size>
         <input_file_ref idref="fl-7"/>
      </object_component>
      <object_component id="oc-db">
         <name>I2cbRegsFile</name>
         <uninitialized>true</uninitialized>
         <run_address>0x7340</run_address>
         <size>0x22</size>
         <input_file_ref idref="fl-7"/>
      </object_component>
      <object_component id="oc-d3">
         <name>InputXbarRegsFile</name>
         <uninitialized>true</uninitialized>
         <run_address>0x7900</run_address>
         <size>0x20</size>
         <input_file_ref idref="fl-7"/>
      </object_component>
      <object_component id="oc-d4">
         <name>XbarRegsFile</name>
         <uninitialized>true</uninitialized>
         <run_address>0x7920</run_address>
         <size>0x20</size>
         <input_file_ref idref="fl-7"/>
      </object_component>
      <object_component id="oc-de">
         <name>IpcRegsFile</name>
         <uninitialized>true</uninitialized>
         <run_address>0x50000</run_address>
         <size>0x24</size>
         <input_file_ref idref="fl-7"/>
      </object_component>
      <object_component id="oc-a8">
         <name>FlashPumpSemaphoreRegsFile</name>
         <uninitialized>true</uninitialized>
         <run_address>0x50024</run_address>
         <size>0x2</size>
         <input_file_ref idref="fl-7"/>
      </object_component>
      <object_component id="oc-a9">
         <name>RomPrefetchRegsFile</name>
         <uninitialized>true</uninitialized>
         <run_address>0x5e608</run_address>
         <size>0x2</size>
         <input_file_ref idref="fl-7"/>
      </object_component>
      <object_component id="oc-f2">
         <name>MemCfgRegsFile</name>
         <uninitialized>true</uninitialized>
         <run_address>0x5f400</run_address>
         <size>0x80</size>
         <input_file_ref idref="fl-7"/>
      </object_component>
      <object_component id="oc-d5">
         <name>Emif1ConfigRegsFile</name>
         <uninitialized>true</uninitialized>
         <run_address>0x5f480</run_address>
         <size>0x20</size>
         <input_file_ref idref="fl-7"/>
      </object_component>
      <object_component id="oc-d6">
         <name>Emif2ConfigRegsFile</name>
         <uninitialized>true</uninitialized>
         <run_address>0x5f4a0</run_address>
         <size>0x20</size>
         <input_file_ref idref="fl-7"/>
      </object_component>
      <object_component id="oc-e8">
         <name>AccessProtectionRegsFile</name>
         <uninitialized>true</uninitialized>
         <run_address>0x5f4c0</run_address>
         <size>0x40</size>
         <input_file_ref idref="fl-7"/>
      </object_component>
      <object_component id="oc-e9">
         <name>MemoryErrorRegsFile</name>
         <uninitialized>true</uninitialized>
         <run_address>0x5f500</run_address>
         <size>0x40</size>
         <input_file_ref idref="fl-7"/>
      </object_component>
      <object_component id="oc-aa">
         <name>RomWaitStateRegsFile</name>
         <uninitialized>true</uninitialized>
         <run_address>0x5f540</run_address>
         <size>0x2</size>
         <input_file_ref idref="fl-7"/>
      </object_component>
      <object_component id="oc-df">
         <name>McbspaRegsFile</name>
         <uninitialized>true</uninitialized>
         <run_address>0x6000</run_address>
         <size>0x24</size>
         <input_file_ref idref="fl-7"/>
      </object_component>
      <object_component id="oc-e0">
         <name>McbspbRegsFile</name>
         <uninitialized>true</uninitialized>
         <run_address>0x6040</run_address>
         <size>0x24</size>
         <input_file_ref idref="fl-7"/>
      </object_component>
      <object_component id="oc-eb">
         <name>UppRegsFile</name>
         <uninitialized>true</uninitialized>
         <run_address>0x6200</run_address>
         <size>0x48</size>
         <input_file_ref idref="fl-7"/>
      </object_component>
      <object_component id="oc-ad">
         <name>NmiIntruptRegsFile</name>
         <uninitialized>true</uninitialized>
         <run_address>0x7060</run_address>
         <size>0x7</size>
         <input_file_ref idref="fl-7"/>
      </object_component>
      <object_component id="oc-c2">
         <name>PieCtrlRegsFile</name>
         <uninitialized>true</uninitialized>
         <run_address>0xce0</run_address>
         <size>0x1a</size>
         <input_file_ref idref="fl-7"/>
      </object_component>
      <object_component id="oc-b6">
         <name>SciaRegsFile</name>
         <uninitialized>true</uninitialized>
         <run_address>0x7200</run_address>
         <size>0x10</size>
         <input_file_ref idref="fl-7"/>
      </object_component>
      <object_component id="oc-b7">
         <name>ScibRegsFile</name>
         <uninitialized>true</uninitialized>
         <run_address>0x7210</run_address>
         <size>0x10</size>
         <input_file_ref idref="fl-7"/>
      </object_component>
      <object_component id="oc-b8">
         <name>ScicRegsFile</name>
         <uninitialized>true</uninitialized>
         <run_address>0x7220</run_address>
         <size>0x10</size>
         <input_file_ref idref="fl-7"/>
      </object_component>
      <object_component id="oc-b9">
         <name>ScidRegsFile</name>
         <uninitialized>true</uninitialized>
         <run_address>0x7230</run_address>
         <size>0x10</size>
         <input_file_ref idref="fl-7"/>
      </object_component>
      <object_component id="oc-f3">
         <name>Sdfm1RegsFile</name>
         <uninitialized>true</uninitialized>
         <run_address>0x5e00</run_address>
         <size>0x80</size>
         <input_file_ref idref="fl-7"/>
      </object_component>
      <object_component id="oc-f4">
         <name>Sdfm2RegsFile</name>
         <uninitialized>true</uninitialized>
         <run_address>0x5e80</run_address>
         <size>0x80</size>
         <input_file_ref idref="fl-7"/>
      </object_component>
      <object_component id="oc-ba">
         <name>SpiaRegsFile</name>
         <uninitialized>true</uninitialized>
         <run_address>0x6100</run_address>
         <size>0x10</size>
         <input_file_ref idref="fl-7"/>
      </object_component>
      <object_component id="oc-bb">
         <name>SpibRegsFile</name>
         <uninitialized>true</uninitialized>
         <run_address>0x6110</run_address>
         <size>0x10</size>
         <input_file_ref idref="fl-7"/>
      </object_component>
      <object_component id="oc-bc">
         <name>SpicRegsFile</name>
         <uninitialized>true</uninitialized>
         <run_address>0x6120</run_address>
         <size>0x10</size>
         <input_file_ref idref="fl-7"/>
      </object_component>
      <object_component id="oc-103">
         <name>DevCfgRegsFile</name>
         <uninitialized>true</uninitialized>
         <run_address>0x5d000</run_address>
         <size>0x12e</size>
         <input_file_ref idref="fl-7"/>
      </object_component>
      <object_component id="oc-e4">
         <name>ClkCfgRegsFile</name>
         <uninitialized>true</uninitialized>
         <run_address>0x5d200</run_address>
         <size>0x32</size>
         <input_file_ref idref="fl-7"/>
      </object_component>
      <object_component id="oc-f5">
         <name>CpuSysRegsFile</name>
         <uninitialized>true</uninitialized>
         <run_address>0x5d300</run_address>
         <size>0x82</size>
         <input_file_ref idref="fl-7"/>
      </object_component>
      <object_component id="oc-ac">
         <name>SyncSocRegsFile</name>
         <uninitialized>true</uninitialized>
         <run_address>0x7940</run_address>
         <size>0x6</size>
         <input_file_ref idref="fl-7"/>
      </object_component>
      <object_component id="oc-e2">
         <name>WdRegsFile</name>
         <uninitialized>true</uninitialized>
         <run_address>0x7000</run_address>
         <size>0x2b</size>
         <input_file_ref idref="fl-7"/>
      </object_component>
      <object_component id="oc-b5">
         <name>XintRegsFile</name>
         <uninitialized>true</uninitialized>
         <run_address>0x7070</run_address>
         <size>0xb</size>
         <input_file_ref idref="fl-7"/>
      </object_component>
      <object_component id="oc-8a">
         <name>.debug_info</name>
         <load_address>0x0</load_address>
         <run_address>0x0</run_address>
         <size>0x4849</size>
         <input_file_ref idref="fl-2"/>
      </object_component>
      <object_component id="oc-91">
         <name>.debug_info</name>
         <load_address>0x4849</load_address>
         <run_address>0x4849</run_address>
         <size>0x152</size>
         <input_file_ref idref="fl-3"/>
      </object_component>
      <object_component id="oc-94">
         <name>.debug_info</name>
         <load_address>0x499b</load_address>
         <run_address>0x499b</run_address>
         <size>0x9c4</size>
         <input_file_ref idref="fl-4"/>
      </object_component>
      <object_component id="oc-9a">
         <name>.debug_info</name>
         <load_address>0x535f</load_address>
         <run_address>0x535f</run_address>
         <size>0x351e</size>
         <input_file_ref idref="fl-5"/>
      </object_component>
      <object_component id="oc-a0">
         <name>.debug_info</name>
         <load_address>0x887d</load_address>
         <run_address>0x887d</run_address>
         <size>0xf944</size>
         <input_file_ref idref="fl-6"/>
      </object_component>
      <object_component id="oc-a5">
         <name>.debug_info</name>
         <load_address>0x181c1</load_address>
         <run_address>0x181c1</run_address>
         <size>0x5039d</size>
         <input_file_ref idref="fl-7"/>
      </object_component>
      <object_component id="oc-10a">
         <name>.debug_info</name>
         <load_address>0x6855e</load_address>
         <run_address>0x6855e</run_address>
         <size>0x19d67</size>
         <input_file_ref idref="fl-8"/>
      </object_component>
      <object_component id="oc-10f">
         <name>.debug_info</name>
         <load_address>0x822c5</load_address>
         <run_address>0x822c5</run_address>
         <size>0x1673</size>
         <input_file_ref idref="fl-9"/>
      </object_component>
      <object_component id="oc-114">
         <name>.debug_info</name>
         <load_address>0x83938</load_address>
         <run_address>0x83938</run_address>
         <size>0x3592</size>
         <input_file_ref idref="fl-a"/>
      </object_component>
      <object_component id="oc-119">
         <name>.debug_info</name>
         <load_address>0x86eca</load_address>
         <run_address>0x86eca</run_address>
         <size>0x6758</size>
         <input_file_ref idref="fl-b"/>
      </object_component>
      <object_component id="oc-11e">
         <name>.debug_info</name>
         <load_address>0x8d622</load_address>
         <run_address>0x8d622</run_address>
         <size>0xc822</size>
         <input_file_ref idref="fl-c"/>
      </object_component>
      <object_component id="oc-125">
         <name>.debug_info</name>
         <load_address>0x99e44</load_address>
         <run_address>0x99e44</run_address>
         <size>0x14d</size>
         <input_file_ref idref="fl-d"/>
      </object_component>
      <object_component id="oc-128">
         <name>.debug_info</name>
         <load_address>0x99f91</load_address>
         <run_address>0x99f91</run_address>
         <size>0x1f3e2</size>
         <input_file_ref idref="fl-e"/>
      </object_component>
      <object_component id="oc-12d">
         <name>.debug_info</name>
         <load_address>0xb9373</load_address>
         <run_address>0xb9373</run_address>
         <size>0x18499</size>
         <input_file_ref idref="fl-f"/>
      </object_component>
      <object_component id="oc-136">
         <name>.debug_info</name>
         <load_address>0xd180c</load_address>
         <run_address>0xd180c</run_address>
         <size>0x64d</size>
         <input_file_ref idref="fl-16"/>
      </object_component>
      <object_component id="oc-13d">
         <name>.debug_info</name>
         <load_address>0xd1e59</load_address>
         <run_address>0xd1e59</run_address>
         <size>0x174</size>
         <input_file_ref idref="fl-17"/>
      </object_component>
      <object_component id="oc-142">
         <name>.debug_info</name>
         <load_address>0xd1fcd</load_address>
         <run_address>0xd1fcd</run_address>
         <size>0x177</size>
         <input_file_ref idref="fl-18"/>
      </object_component>
      <object_component id="oc-147">
         <name>.debug_info</name>
         <load_address>0xd2144</load_address>
         <run_address>0xd2144</run_address>
         <size>0x142</size>
         <input_file_ref idref="fl-19"/>
      </object_component>
      <object_component id="oc-14b">
         <name>.debug_info</name>
         <load_address>0xd2286</load_address>
         <run_address>0xd2286</run_address>
         <size>0x562</size>
         <input_file_ref idref="fl-1a"/>
      </object_component>
      <object_component id="oc-150">
         <name>.debug_info</name>
         <load_address>0xd27e8</load_address>
         <run_address>0xd27e8</run_address>
         <size>0x43b</size>
         <input_file_ref idref="fl-1b"/>
      </object_component>
      <object_component id="oc-155">
         <name>.debug_info</name>
         <load_address>0xd2c23</load_address>
         <run_address>0xd2c23</run_address>
         <size>0x3ae</size>
         <input_file_ref idref="fl-1c"/>
      </object_component>
      <object_component id="oc-15a">
         <name>.debug_info</name>
         <load_address>0xd2fd1</load_address>
         <run_address>0xd2fd1</run_address>
         <size>0x3ab</size>
         <input_file_ref idref="fl-1d"/>
      </object_component>
      <object_component id="oc-15f">
         <name>.debug_info</name>
         <load_address>0xd337c</load_address>
         <run_address>0xd337c</run_address>
         <size>0x545</size>
         <input_file_ref idref="fl-1e"/>
      </object_component>
      <object_component id="oc-166">
         <name>.debug_info</name>
         <load_address>0xd38c1</load_address>
         <run_address>0xd38c1</run_address>
         <size>0x4cd</size>
         <input_file_ref idref="fl-1f"/>
      </object_component>
      <object_component id="oc-16b">
         <name>.debug_info</name>
         <load_address>0xd3d8e</load_address>
         <run_address>0xd3d8e</run_address>
         <size>0x468</size>
         <input_file_ref idref="fl-20"/>
      </object_component>
      <object_component id="oc-170">
         <name>.debug_info</name>
         <load_address>0xd41f6</load_address>
         <run_address>0xd41f6</run_address>
         <size>0x503</size>
         <input_file_ref idref="fl-21"/>
      </object_component>
      <object_component id="oc-175">
         <name>.debug_info</name>
         <load_address>0xd46f9</load_address>
         <run_address>0xd46f9</run_address>
         <size>0x4ff</size>
         <input_file_ref idref="fl-22"/>
      </object_component>
      <object_component id="oc-17a">
         <name>.debug_info</name>
         <load_address>0xd4bf8</load_address>
         <run_address>0xd4bf8</run_address>
         <size>0x4e5</size>
         <input_file_ref idref="fl-23"/>
      </object_component>
      <object_component id="oc-17f">
         <name>.debug_info</name>
         <load_address>0xd50dd</load_address>
         <run_address>0xd50dd</run_address>
         <size>0x4ab</size>
         <input_file_ref idref="fl-24"/>
      </object_component>
      <object_component id="oc-184">
         <name>.debug_info</name>
         <load_address>0xd5588</load_address>
         <run_address>0xd5588</run_address>
         <size>0x73e</size>
         <input_file_ref idref="fl-25"/>
      </object_component>
      <object_component id="oc-189">
         <name>.debug_info</name>
         <load_address>0xd5cc6</load_address>
         <run_address>0xd5cc6</run_address>
         <size>0x576</size>
         <input_file_ref idref="fl-26"/>
      </object_component>
      <object_component id="oc-18e">
         <name>.debug_info</name>
         <load_address>0xd623c</load_address>
         <run_address>0xd623c</run_address>
         <size>0x1c7</size>
         <input_file_ref idref="fl-27"/>
      </object_component>
      <object_component id="oc-192">
         <name>.debug_info</name>
         <load_address>0xd6403</load_address>
         <run_address>0xd6403</run_address>
         <size>0x26c0</size>
         <input_file_ref idref="fl-28"/>
      </object_component>
      <object_component id="oc-199">
         <name>.debug_info</name>
         <load_address>0xd8ac3</load_address>
         <run_address>0xd8ac3</run_address>
         <size>0x4a7</size>
         <input_file_ref idref="fl-29"/>
      </object_component>
      <object_component id="oc-19f">
         <name>.debug_info</name>
         <load_address>0xd8f6a</load_address>
         <run_address>0xd8f6a</run_address>
         <size>0x533</size>
         <input_file_ref idref="fl-2a"/>
      </object_component>
      <object_component id="oc-1a5">
         <name>.debug_info</name>
         <load_address>0xd949d</load_address>
         <run_address>0xd949d</run_address>
         <size>0x4b9</size>
         <input_file_ref idref="fl-2b"/>
      </object_component>
      <object_component id="oc-1ac">
         <name>.debug_info</name>
         <load_address>0xd9956</load_address>
         <run_address>0xd9956</run_address>
         <size>0x115</size>
         <input_file_ref idref="fl-2c"/>
      </object_component>
      <object_component id="oc-1b1">
         <name>.debug_info</name>
         <load_address>0xd9a6b</load_address>
         <run_address>0xd9a6b</run_address>
         <size>0x121</size>
         <input_file_ref idref="fl-2d"/>
      </object_component>
      <object_component id="oc-1b6">
         <name>.debug_info</name>
         <load_address>0xd9b8c</load_address>
         <run_address>0xd9b8c</run_address>
         <size>0x115</size>
         <input_file_ref idref="fl-2e"/>
      </object_component>
      <object_component id="oc-1bb">
         <name>.debug_info</name>
         <load_address>0xd9ca1</load_address>
         <run_address>0xd9ca1</run_address>
         <size>0x115</size>
         <input_file_ref idref="fl-2f"/>
      </object_component>
      <object_component id="oc-1c0">
         <name>.debug_info</name>
         <load_address>0xd9db6</load_address>
         <run_address>0xd9db6</run_address>
         <size>0x123</size>
         <input_file_ref idref="fl-30"/>
      </object_component>
      <object_component id="oc-1c5">
         <name>.debug_info</name>
         <load_address>0xd9ed9</load_address>
         <run_address>0xd9ed9</run_address>
         <size>0x115</size>
         <input_file_ref idref="fl-31"/>
      </object_component>
      <object_component id="oc-1ca">
         <name>.debug_info</name>
         <load_address>0xd9fee</load_address>
         <run_address>0xd9fee</run_address>
         <size>0x115</size>
         <input_file_ref idref="fl-32"/>
      </object_component>
      <object_component id="oc-1cf">
         <name>.debug_info</name>
         <load_address>0xda103</load_address>
         <run_address>0xda103</run_address>
         <size>0x115</size>
         <input_file_ref idref="fl-33"/>
      </object_component>
      <object_component id="oc-1d4">
         <name>.debug_info</name>
         <load_address>0xda218</load_address>
         <run_address>0xda218</run_address>
         <size>0x14f</size>
         <input_file_ref idref="fl-34"/>
      </object_component>
      <object_component id="oc-1d9">
         <name>.debug_info</name>
         <load_address>0xda367</load_address>
         <run_address>0xda367</run_address>
         <size>0x232</size>
         <input_file_ref idref="fl-35"/>
      </object_component>
      <object_component id="oc-1de">
         <name>.debug_info</name>
         <load_address>0xda599</load_address>
         <run_address>0xda599</run_address>
         <size>0x119</size>
         <input_file_ref idref="fl-36"/>
      </object_component>
      <object_component id="oc-1e3">
         <name>.debug_info</name>
         <load_address>0xda6b2</load_address>
         <run_address>0xda6b2</run_address>
         <size>0x119</size>
         <input_file_ref idref="fl-37"/>
      </object_component>
      <object_component id="oc-1e8">
         <name>.debug_info</name>
         <load_address>0xda7cb</load_address>
         <run_address>0xda7cb</run_address>
         <size>0x11b</size>
         <input_file_ref idref="fl-38"/>
      </object_component>
      <object_component id="oc-1ed">
         <name>.debug_info</name>
         <load_address>0xda8e6</load_address>
         <run_address>0xda8e6</run_address>
         <size>0x115</size>
         <input_file_ref idref="fl-39"/>
      </object_component>
      <object_component id="oc-1f1">
         <name>.debug_info</name>
         <load_address>0xda9fb</load_address>
         <run_address>0xda9fb</run_address>
         <size>0x420</size>
         <input_file_ref idref="fl-3a"/>
      </object_component>
      <object_component id="oc-1f6">
         <name>.debug_info</name>
         <load_address>0xdae1b</load_address>
         <run_address>0xdae1b</run_address>
         <size>0x1e8</size>
         <input_file_ref idref="fl-3b"/>
      </object_component>
      <object_component id="oc-1f8">
         <name>.debug_info</name>
         <load_address>0xdb003</load_address>
         <run_address>0xdb003</run_address>
         <size>0x460</size>
         <input_file_ref idref="fl-3c"/>
      </object_component>
      <object_component id="oc-1fd">
         <name>.debug_info</name>
         <load_address>0xdb463</load_address>
         <run_address>0xdb463</run_address>
         <size>0x439</size>
         <input_file_ref idref="fl-3d"/>
      </object_component>
      <object_component id="oc-202">
         <name>.debug_info</name>
         <load_address>0xdb89c</load_address>
         <run_address>0xdb89c</run_address>
         <size>0x4f2</size>
         <input_file_ref idref="fl-3e"/>
      </object_component>
      <object_component id="oc-207">
         <name>.debug_info</name>
         <load_address>0xdbd8e</load_address>
         <run_address>0xdbd8e</run_address>
         <size>0x40d</size>
         <input_file_ref idref="fl-3f"/>
      </object_component>
      <object_component id="oc-20c">
         <name>.debug_info</name>
         <load_address>0xdc19b</load_address>
         <run_address>0xdc19b</run_address>
         <size>0x424</size>
         <input_file_ref idref="fl-40"/>
      </object_component>
      <object_component id="oc-211">
         <name>.debug_info</name>
         <load_address>0xdc5bf</load_address>
         <run_address>0xdc5bf</run_address>
         <size>0x407</size>
         <input_file_ref idref="fl-41"/>
      </object_component>
      <object_component id="oc-217">
         <name>.debug_info</name>
         <load_address>0xdc9c6</load_address>
         <run_address>0xdc9c6</run_address>
         <size>0x1a6</size>
         <input_file_ref idref="fl-42"/>
      </object_component>
      <object_component id="oc-2d8">
         <name>.debug_info</name>
         <load_address>0xdcb6c</load_address>
         <run_address>0xdcb6c</run_address>
         <size>0x108</size>
      </object_component>
      <object_component id="oc-8b">
         <name>.debug_frame</name>
         <load_address>0x0</load_address>
         <run_address>0x0</run_address>
         <size>0x60</size>
         <input_file_ref idref="fl-2"/>
      </object_component>
      <object_component id="oc-96">
         <name>.debug_frame</name>
         <load_address>0x60</load_address>
         <run_address>0x60</run_address>
         <size>0x5c</size>
         <input_file_ref idref="fl-4"/>
      </object_component>
      <object_component id="oc-9c">
         <name>.debug_frame</name>
         <load_address>0xbc</load_address>
         <run_address>0xbc</run_address>
         <size>0x11d0</size>
         <input_file_ref idref="fl-5"/>
      </object_component>
      <object_component id="oc-a1">
         <name>.debug_frame</name>
         <load_address>0x128c</load_address>
         <run_address>0x128c</run_address>
         <size>0x160</size>
         <input_file_ref idref="fl-6"/>
      </object_component>
      <object_component id="oc-10b">
         <name>.debug_frame</name>
         <load_address>0x13ec</load_address>
         <run_address>0x13ec</run_address>
         <size>0x1a8</size>
         <input_file_ref idref="fl-8"/>
      </object_component>
      <object_component id="oc-110">
         <name>.debug_frame</name>
         <load_address>0x1594</load_address>
         <run_address>0x1594</run_address>
         <size>0x28</size>
         <input_file_ref idref="fl-9"/>
      </object_component>
      <object_component id="oc-115">
         <name>.debug_frame</name>
         <load_address>0x15bc</load_address>
         <run_address>0x15bc</run_address>
         <size>0x58</size>
         <input_file_ref idref="fl-a"/>
      </object_component>
      <object_component id="oc-11a">
         <name>.debug_frame</name>
         <load_address>0x1614</load_address>
         <run_address>0x1614</run_address>
         <size>0x44</size>
         <input_file_ref idref="fl-b"/>
      </object_component>
      <object_component id="oc-11f">
         <name>.debug_frame</name>
         <load_address>0x1658</load_address>
         <run_address>0x1658</run_address>
         <size>0x214</size>
         <input_file_ref idref="fl-c"/>
      </object_component>
      <object_component id="oc-129">
[...]
      <symbol id="sm-508">
         <name>_pout</name>
         <value>0x11006</value>
         <object_component_ref idref="oc-12f"/>
      </symbol>
      <symbol id="sm-509">
         <name>_Contat_status</name>
         <value>0x11058</value>
         <object_component_ref idref="oc-12f"/>
      </symbol>
      <symbol id="sm-50a">
         <name>_reset</name>
         <value>0x11b24</value>
         <object_component_ref idref="oc-22b"/>
      </symbol>
      <symbol id="sm-50b">
         <name>_Send</name>
         <value>0x11050</value>
         <object_component_ref idref="oc-12f"/>
      </symbol>
      <symbol id="sm-50c">
         <name>_flag</name>
         <value>0x1108c</value>
         <object_component_ref idref="oc-12f"/>
      </symbol>
      <symbol id="sm-50d">
         <name>_channel_offset</name>
         <value>0x11086</value>
         <object_component_ref idref="oc-12f"/>
      </symbol>
      <symbol id="sm-50e">
         <name>_PR_Ib_7</name>
         <value>0x11280</value>
         <object_component_ref idref="oc-12f"/>
      </symbol>
      <symbol id="sm-50f">
         <name>_PR_Ib_5</name>
         <value>0x11200</value>
         <object_component_ref idref="oc-12f"/>
      </symbol>
      <symbol id="sm-510">
         <name>_QRamp</name>
         <value>0x110d2</value>
         <object_component_ref idref="oc-12f"/>
      </symbol>
      <symbol id="sm-511">
         <name>_SOGB</name>
         <value>0x11300</value>
         <object_component_ref idref="oc-12f"/>
      </symbol>
      <symbol id="sm-512">
         <name>_IPC1_INT</name>
         <value>0x192a5</value>
         <object_component_ref idref="oc-130"/>
      </symbol>
      <symbol id="sm-513">
         <name>_SOG</name>
         <value>0x112c0</value>
         <object_component_ref idref="oc-12f"/>
      </symbol>
      <symbol id="sm-514">
         <name>_selecao_plot</name>
         <value>0x11003</value>
         <object_component_ref idref="oc-12f"/>
      </symbol>
      <symbol id="sm-515">
         <name>_Vabc_pwm</name>
         <value>0x11080</value>
         <object_component_ref idref="oc-12f"/>
      </symbol>
      <symbol id="sm-516">
         <name>_pi_Q</name>
         <value>0x11140</value>
         <object_component_ref idref="oc-12f"/>
      </symbol>
      <symbol id="sm-517">
         <name>_scia_q</name>
         <value>0x11060</value>
         <object_component_ref idref="oc-12f"/>
      </symbol>
      <symbol id="sm-518">
         <name>_scia_p</name>
         <value>0x1105c</value>
         <object_component_ref idref="oc-12f"/>
      </symbol>
      <symbol id="sm-519">
         <name>_first_scan</name>
         <value>0x1102e</value>
         <object_component_ref idref="oc-12f"/>
      </symbol>
      <symbol id="sm-51a">
         <name>_gn</name>
         <value>0x11010</value>
         <object_component_ref idref="oc-12f"/>
      </symbol>
      <symbol id="sm-51b">
         <name>_RxBufferAqu</name>
         <value>0x18bd1</value>
         <object_component_ref idref="oc-220"/>
      </symbol>
      <symbol id="sm-51c">
         <name>_flag_ena</name>
         <value>0x11001</value>
         <object_component_ref idref="oc-12f"/>
      </symbol>
      <symbol id="sm-51d">
         <name>_TxBufferAqu</name>
         <value>0x18a15</value>
         <object_component_ref idref="oc-220"/>
      </symbol>
      <symbol id="sm-51e">
         <name>_scia_check1</name>
         <value>0x11068</value>
         <object_component_ref idref="oc-12f"/>
      </symbol>
      <symbol id="sm-51f">
         <name>_scia_check2</name>
         <value>0x1106c</value>
         <object_component_ref idref="oc-12f"/>
      </symbol>
      <symbol id="sm-520">
         <name>_scia_check3</name>
         <value>0x11070</value>
         <object_component_ref idref="oc-12f"/>
      </symbol>
      <symbol id="sm-521">
         <name>_Iabc</name>
         <value>0x1107a</value>
         <object_component_ref idref="oc-12f"/>
      </symbol>
      <symbol id="sm-522">
         <name>_Valfabeta</name>
         <value>0x11044</value>
         <object_component_ref idref="oc-12f"/>
      </symbol>
      <symbol id="sm-523">
         <name>_Q_ref</name>
         <value>0x11028</value>
         <object_component_ref idref="oc-12f"/>
      </symbol>
      <symbol id="sm-524">
         <name>_aux</name>
         <value>0x11b32</value>
         <object_component_ref idref="oc-22f"/>
      </symbol>
      <symbol id="sm-525">
         <name>_resultsIndex</name>
         <value>0x1102c</value>
         <object_component_ref idref="oc-12f"/>
      </symbol>
      <symbol id="sm-526">
         <name>_send</name>
         <value>0x11002</value>
         <object_component_ref idref="oc-12f"/>
      </symbol>
      <symbol id="sm-527">
         <name>_sumAscii</name>
         <value>0x18c46</value>
         <object_component_ref idref="oc-220"/>
      </symbol>
      <symbol id="sm-528">
         <name>_Filt_freq_pll</name>
         <value>0x11096</value>
         <object_component_ref idref="oc-12f"/>
      </symbol>
      <symbol id="sm-529">
         <name>_sv_grid</name>
         <value>0x11040</value>
         <object_component_ref idref="oc-12f"/>
      </symbol>
      <symbol id="sm-52a">
         <name>_fil2nVdc</name>
         <value>0x11100</value>
         <object_component_ref idref="oc-12f"/>
      </symbol>
      <symbol id="sm-52b">
         <name>_pi_Vdc</name>
         <value>0x11116</value>
         <object_component_ref idref="oc-12f"/>
      </symbol>
      <symbol id="sm-52c">
         <name>_fault</name>
         <value>0x11004</value>
         <object_component_ref idref="oc-12f"/>
      </symbol>
      <symbol id="sm-52d">
         <name>_pll_grid</name>
         <value>0x11380</value>
         <object_component_ref idref="oc-12f"/>
      </symbol>
      <symbol id="sm-52e">
         <name>_sum_CH1</name>
         <value>0x11030</value>
         <object_component_ref idref="oc-12f"/>
      </symbol>
      <symbol id="sm-52f">
         <name>_sum_CH3</name>
         <value>0x11034</value>
         <object_component_ref idref="oc-12f"/>
      </symbol>
      <symbol id="sm-530">
         <name>_sum_CH2</name>
         <value>0x11032</value>
         <object_component_ref idref="oc-12f"/>
      </symbol>
      <symbol id="sm-531">
         <name>_sum_CH5</name>
         <value>0x11038</value>
         <object_component_ref idref="oc-12f"/>
      </symbol>
      <symbol id="sm-532">
         <name>_sum_CH4</name>
         <value>0x11036</value>
         <object_component_ref idref="oc-12f"/>
      </symbol>
      <symbol id="sm-533">
         <name>_sum_CH6</name>
         <value>0x1103a</value>
         <object_component_ref idref="oc-12f"/>
      </symbol>
      <symbol id="sm-534">
         <name>_isr_cpu_timer0</name>
         <value>0x192c0</value>
         <object_component_ref idref="oc-130"/>
      </symbol>
      <symbol id="sm-535">
         <name>_Iref</name>
         <value>0x11024</value>
         <object_component_ref idref="oc-12f"/>
      </symbol>
      <symbol id="sm-536">
         <name>_soc</name>
         <value>0x1100a</value>
         <object_component_ref idref="oc-12f"/>
      </symbol>
      <symbol id="sm-537">
         <name>_Recv</name>
         <value>0x11054</value>
         <object_component_ref idref="oc-12f"/>
      </symbol>
      <symbol id="sm-538">
         <name>_reset_sci</name>
         <value>0x11000</value>
         <object_component_ref idref="oc-12f"/>
      </symbol>
      <symbol id="sm-539">
         <name>_Ialfabeta</name>
         <value>0x11048</value>
         <object_component_ref idref="oc-12f"/>
      </symbol>
      <symbol id="sm-53a">
         <name>_PR_Ib_fund</name>
         <value>0x11180</value>
         <object_component_ref idref="oc-12f"/>
      </symbol>
      <symbol id="sm-53b">
         <name>_PR_Ia_fund</name>
         <value>0x1115a</value>
         <object_component_ref idref="oc-12f"/>
      </symbol>
      <symbol id="sm-53c">
         <name>_Valfabeta_pwm</name>
         <value>0x1104c</value>
         <object_component_ref idref="oc-12f"/>
      </symbol>
      <symbol id="sm-53d">
         <name>_VRamp</name>
         <value>0x110c0</value>
         <object_component_ref idref="oc-12f"/>
      </symbol>
      <symbol id="sm-54b">
         <name>_sprintf</name>
         <value>0x199c6</value>
         <object_component_ref idref="oc-231"/>
      </symbol>
      <symbol id="sm-566">
         <name>_c_int00</name>
         <value>0x19970</value>
         <object_component_ref idref="oc-89"/>
      </symbol>
      <symbol id="sm-567">
         <name>__stack</name>
         <value>0x400</value>
         <object_component_ref idref="oc-13b"/>
      </symbol>
      <symbol id="sm-573">
         <name>LL$$AND</name>
         <value>0x19c78</value>
         <object_component_ref idref="oc-141"/>
      </symbol>
      <symbol id="sm-574">
         <name>LL$$OR</name>
         <value>0x19c80</value>
         <object_component_ref idref="oc-141"/>
      </symbol>
      <symbol id="sm-575">
         <name>LL$$XOR</name>
         <value>0x19c88</value>
         <object_component_ref idref="oc-141"/>
      </symbol>
      <symbol id="sm-583">
         <name>I$$MOD</name>
         <value>0x19b7e</value>
         <object_component_ref idref="oc-146"/>
      </symbol>
      <symbol id="sm-584">
         <name>I$$DIV</name>
         <value>0x19b6d</value>
         <object_component_ref idref="oc-146"/>
      </symbol>
      <symbol id="sm-593">
         <name>_copy_in</name>
         <value>0x19b49</value>
         <object_component_ref idref="oc-21c"/>
      </symbol>
      <symbol id="sm-5a4">
         <name>_memcpy</name>
         <value>0x19c0a</value>
         <object_component_ref idref="oc-221"/>
      </symbol>
      <symbol id="sm-5b0">
         <name>__system_pre_init</name>
         <value>0x19d00</value>
         <object_component_ref idref="oc-21b"/>
      </symbol>
      <symbol id="sm-5bd">
         <name>__system_post_cinit</name>
         <value>0x19d02</value>
         <object_component_ref idref="oc-21d"/>
      </symbol>
      <symbol id="sm-5d1">
         <name>C$$EXIT</name>
         <value>0x19aad</value>
         <object_component_ref idref="oc-21f"/>
      </symbol>
      <symbol id="sm-5d2">
         <name>_exit</name>
         <value>0x19aaf</value>
         <object_component_ref idref="oc-21f"/>
      </symbol>
      <symbol id="sm-5d3">
         <name>___TI_cleanup_ptr</name>
         <value>0x11b2e</value>
         <object_component_ref idref="oc-161"/>
      </symbol>
      <symbol id="sm-5d4">
         <name>___TI_enable_exit_profile_output</name>
         <value>0x11b2c</value>
         <object_component_ref idref="oc-161"/>
      </symbol>
      <symbol id="sm-5d5">
         <name>_abort</name>
         <value>0x19aad</value>
         <object_component_ref idref="oc-21f"/>
      </symbol>
      <symbol id="sm-5d6">
         <name>___TI_dtors_ptr</name>
         <value>0x11b30</value>
         <object_component_ref idref="oc-161"/>
      </symbol>
      <symbol id="sm-5ea">
         <name>__unlock</name>
         <value>0x11b38</value>
         <object_component_ref idref="oc-23e"/>
      </symbol>
      <symbol id="sm-5eb">
         <name>__lock</name>
         <value>0x11b36</value>
         <object_component_ref idref="oc-222"/>
      </symbol>
      <symbol id="sm-5ec">
         <name>__register_lock</name>
         <value>0x19ccc</value>
         <object_component_ref idref="oc-235"/>
      </symbol>
      <symbol id="sm-5ed">
         <name>__nop</name>
         <value>0x19cd0</value>
         <object_component_ref idref="oc-235"/>
      </symbol>
      <symbol id="sm-5ee">
         <name>__register_unlock</name>
         <value>0x19cc8</value>
         <object_component_ref idref="oc-235"/>
      </symbol>
      <symbol id="sm-5fd">
         <name>__args_main</name>
         <value>0x19c5f</value>
         <object_component_ref idref="oc-21e"/>
      </symbol>
      <symbol id="sm-60b">
         <name>_memset</name>
         <value>0x19cf4</value>
         <object_component_ref idref="oc-244"/>
      </symbol>
      <symbol id="sm-61a">
         <name>_strcat</name>
         <value>0x19cda</value>
         <object_component_ref idref="oc-22e"/>
      </symbol>
      <symbol id="sm-627">
         <name>_strcpy</name>
         <value>0x19cfb</value>
         <object_component_ref idref="oc-22d"/>
      </symbol>
      <symbol id="sm-634">
         <name>_strlen</name>
         <value>0x19cec</value>
         <object_component_ref idref="oc-232"/>
      </symbol>
      <symbol id="sm-690">
         <name>_strtod</name>
         <value>0x18e9f</value>
         <object_component_ref idref="oc-234"/>
      </symbol>
      <symbol id="sm-691">
         <name>_strtof</name>
         <value>0x18e9f</value>
         <object_component_ref idref="oc-234"/>
      </symbol>
      <symbol id="sm-6b6">
         <name>_strtol</name>
         <value>0x1948f</value>
         <object_component_ref idref="oc-233"/>
      </symbol>
      <symbol id="sm-6c0">
         <name>_errno</name>
         <value>0x11b3a</value>
         <object_component_ref idref="oc-190"/>
      </symbol>
      <symbol id="sm-820">
         <name>___TI_printfi</name>
         <value>0x17b52</value>
         <object_component_ref idref="oc-239"/>
      </symbol>
      <symbol id="sm-833">
         <name>_frexpl</name>
         <value>0x198be</value>
         <object_component_ref idref="oc-241"/>
      </symbol>
      <symbol id="sm-851">
         <name>_scalbnl</name>
         <value>0x19562</value>
         <object_component_ref idref="oc-242"/>
      </symbol>
      <symbol id="sm-852">
         <name>_ldexpl</name>
         <value>0x19562</value>
         <object_component_ref idref="oc-242"/>
      </symbol>
      <symbol id="sm-86a">
         <name>_scalbn</name>
         <value>0x19918</value>
         <object_component_ref idref="oc-23d"/>
      </symbol>
      <symbol id="sm-86b">
         <name>_ldexp</name>
         <value>0x19918</value>
         <object_component_ref idref="oc-23d"/>
      </symbol>
      <symbol id="sm-86c">
         <name>_scalbnf</name>
         <value>0x19918</value>
         <object_component_ref idref="oc-23d"/>
      </symbol>
      <symbol id="sm-86d">
         <name>_ldexpf</name>
         <value>0x19918</value>
         <object_component_ref idref="oc-23d"/>
      </symbol>
      <symbol id="sm-888">
         <name>FD$$ADD</name>
         <value>0x19610</value>
         <object_component_ref idref="oc-1ab"/>
      </symbol>
      <symbol id="sm-898">
         <name>FD$$CMP</name>
         <value>0x19a59</value>
         <object_component_ref idref="oc-1b0"/>
      </symbol>
      <symbol id="sm-8aa">
         <name>FD$$MPY</name>
         <value>0x197bf</value>
         <object_component_ref idref="oc-1b5"/>
      </symbol>
      <symbol id="sm-8b7">
         <name>FD$$NEG</name>
         <value>0x19cd1</value>
         <object_component_ref idref="oc-1ba"/>
      </symbol>
      <symbol id="sm-8c3">
         <name>FD$$SUB</name>
         <value>0x19ca1</value>
         <object_component_ref idref="oc-1bf"/>
      </symbol>
      <symbol id="sm-8d2">
         <name>FD$$TOI</name>
         <value>0x19b8f</value>
         <object_component_ref idref="oc-1c4"/>
      </symbol>
      <symbol id="sm-8e1">
         <name>FD$$TOL</name>
         <value>0x19bb0</value>
         <object_component_ref idref="oc-1c9"/>
      </symbol>
      <symbol id="sm-8f2">
         <name>FS$$DIV</name>
         <value>0x19737</value>
         <object_component_ref idref="oc-1ce"/>
      </symbol>
      <symbol id="sm-900">
         <name>ULL$$CMP</name>
         <value>0x19be1</value>
         <object_component_ref idref="oc-1d3"/>
      </symbol>
      <symbol id="sm-901">
         <name>LL$$CMP</name>
         <value>0x19bcf</value>
         <object_component_ref idref="oc-1d3"/>
      </symbol>
      <symbol id="sm-92d">
         <name>ULL$$MOD</name>
         <value>0x19143</value>
         <object_component_ref idref="oc-1d8"/>
      </symbol>
      <symbol id="sm-92e">
         <name>ULL$$DIV</name>
         <value>0x19114</value>
         <object_component_ref idref="oc-1d8"/>
      </symbol>
      <symbol id="sm-92f">
         <name>LL$$MOD</name>
         <value>0x190da</value>
         <object_component_ref idref="oc-1d8"/>
      </symbol>
      <symbol id="sm-930">
         <name>LL$$DIV</name>
         <value>0x1909e</value>
         <object_component_ref idref="oc-1d8"/>
      </symbol>
      <symbol id="sm-940">
         <name>I$$TOFD</name>
         <value>0x19bed</value>
         <object_component_ref idref="oc-1dd"/>
      </symbol>
      <symbol id="sm-950">
         <name>L$$TOFD</name>
         <value>0x19c43</value>
         <object_component_ref idref="oc-1e2"/>
      </symbol>
      <symbol id="sm-960">
         <name>FS$$TOFD</name>
         <value>0x19c27</value>
         <object_component_ref idref="oc-1e7"/>
      </symbol>
      <symbol id="sm-977">
         <name>FD$$DIV</name>
         <value>0x196ac</value>
         <object_component_ref idref="oc-1ec"/>
      </symbol>
      <symbol id="sm-98b">
         <name>_atoi</name>
         <value>0x199f8</value>
         <object_component_ref idref="oc-23f"/>
      </symbol>
      <symbol id="sm-993">
         <name>__ctypes_</name>
         <value>0xa9c0</value>
         <object_component_ref idref="oc-23a"/>
      </symbol>
      <symbol id="sm-9a1">
         <name>_ltoa</name>
         <value>0x19a29</value>
         <object_component_ref idref="oc-240"/>
      </symbol>
      <symbol id="sm-9b0">
         <name>_memccpy</name>
         <value>0x19caf</value>
         <object_component_ref idref="oc-245"/>
      </symbol>
      <symbol id="sm-9bf">
         <name>_strchr</name>
         <value>0x19cbc</value>
         <object_component_ref idref="oc-243"/>
      </symbol>
      <symbol id="sm-9cd">
         <name>_wcslen</name>
         <value>0x19ce3</value>
         <object_component_ref idref="oc-246"/>
      </symbol>
      <symbol id="sm-9da">
         <name>_copysignl</name>
         <value>0x19b24</value>
         <object_component_ref idref="oc-248"/>
      </symbol>
      <symbol id="sm-9e6">
         <name>_copysignf</name>
         <value>0x19c90</value>
         <object_component_ref idref="oc-247"/>
      </symbol>
      <symbol id="sm-9e7">
         <name>_copysign</name>
         <value>0x19c90</value>
         <object_component_ref idref="oc-247"/>
      </symbol>
      <symbol id="sm-9f3">
         <name>UL$$MOD</name>
         <value>0x19aa7</value>
         <object_component_ref idref="oc-216"/>
      </symbol>
      <symbol id="sm-9f4">
         <name>L$$MOD</name>
         <value>0x19a92</value>
         <object_component_ref idref="oc-216"/>
      </symbol>
      <symbol id="sm-9f5">
         <name>L$$DIV</name>
         <value>0x19a83</value>
         <object_component_ref idref="oc-216"/>
      </symbol>
      <symbol id="sm-9f6">
         <name>UL$$DIV</name>
         <value>0x19aa0</value>
         <object_component_ref idref="oc-216"/>
      </symbol>
   </symbol_table>
   <title>Link successful</title>
</link_info>
